/usr/bin/g++ -c -fno-strict-aliasing -g -O2 -DNDEBUG -g -fwrapv -O3 -Wall -Wstrict-prototypes  -I. -IInclude -I./Include   -DPy_BUILD_CORE -o Modules/python.o ./Modules/python.c
gcc -pthread -c -fno-strict-aliasing -g -O2 -DNDEBUG -g -fwrapv -O3 -Wall -Wstrict-prototypes  -I. -IInclude -I./Include   -DPy_BUILD_CORE -o Parser/acceler.o Parser/acceler.c
gcc -pthread -c -fno-strict-aliasing -g -O2 -DNDEBUG -g -fwrapv -O3 -Wall -Wstrict-prototypes  -I. -IInclude -I./Include   -DPy_BUILD_CORE -o Parser/grammar1.o Parser/grammar1.c
gcc -pthread -c -fno-strict-aliasing -g -O2 -DNDEBUG -g -fwrapv -O3 -Wall -Wstrict-prototypes  -I. -IInclude -I./Include   -DPy_BUILD_CORE -o Parser/listnode.o Parser/listnode.c
gcc -pthread -c -fno-strict-aliasing -g -O2 -DNDEBUG -g -fwrapv -O3 -Wall -Wstrict-prototypes  -I. -IInclude -I./Include   -DPy_BUILD_CORE -o Parser/node.o Parser/node.c
gcc -pthread -c -fno-strict-aliasing -g -O2 -DNDEBUG -g -fwrapv -O3 -Wall -Wstrict-prototypes  -I. -IInclude -I./Include   -DPy_BUILD_CORE -o Parser/parser.o Parser/parser.c
gcc -pthread -c -fno-strict-aliasing -g -O2 -DNDEBUG -g -fwrapv -O3 -Wall -Wstrict-prototypes  -I. -IInclude -I./Include   -DPy_BUILD_CORE -o Parser/parsetok.o Parser/parsetok.c
gcc -pthread -c -fno-strict-aliasing -g -O2 -DNDEBUG -g -fwrapv -O3 -Wall -Wstrict-prototypes  -I. -IInclude -I./Include   -DPy_BUILD_CORE -o Parser/bitset.o Parser/bitset.c
gcc -pthread -c -fno-strict-aliasing -g -O2 -DNDEBUG -g -fwrapv -O3 -Wall -Wstrict-prototypes  -I. -IInclude -I./Include   -DPy_BUILD_CORE -o Parser/metagrammar.o Parser/metagrammar.c
gcc -pthread -c -fno-strict-aliasing -g -O2 -DNDEBUG -g -fwrapv -O3 -Wall -Wstrict-prototypes  -I. -IInclude -I./Include   -DPy_BUILD_CORE -o Parser/firstsets.o Parser/firstsets.c
gcc -pthread -c -fno-strict-aliasing -g -O2 -DNDEBUG -g -fwrapv -O3 -Wall -Wstrict-prototypes  -I. -IInclude -I./Include   -DPy_BUILD_CORE -o Parser/grammar.o Parser/grammar.c
gcc -pthread -c -fno-strict-aliasing -g -O2 -DNDEBUG -g -fwrapv -O3 -Wall -Wstrict-prototypes  -I. -IInclude -I./Include   -DPy_BUILD_CORE -o Parser/pgen.o Parser/pgen.c
gcc -pthread -c -fno-strict-aliasing -g -O2 -DNDEBUG -g -fwrapv -O3 -Wall -Wstrict-prototypes  -I. -IInclude -I./Include   -DPy_BUILD_CORE -o Parser/myreadline.o Parser/myreadline.c
gcc -pthread -c -fno-strict-aliasing -g -O2 -DNDEBUG -g -fwrapv -O3 -Wall -Wstrict-prototypes  -I. -IInclude -I./Include   -DPy_BUILD_CORE -o Parser/tokenizer.o Parser/tokenizer.c
gcc -pthread -c -fno-strict-aliasing -g -O2 -DNDEBUG -g -fwrapv -O3 -Wall -Wstrict-prototypes  -I. -IInclude -I./Include   -DPy_BUILD_CORE -o Objects/abstract.o Objects/abstract.c
gcc -pthread -c -fno-strict-aliasing -g -O2 -DNDEBUG -g -fwrapv -O3 -Wall -Wstrict-prototypes  -I. -IInclude -I./Include   -DPy_BUILD_CORE -o Objects/boolobject.o Objects/boolobject.c
gcc -pthread -c -fno-strict-aliasing -g -O2 -DNDEBUG -g -fwrapv -O3 -Wall -Wstrict-prototypes  -I. -IInclude -I./Include   -DPy_BUILD_CORE -o Objects/bufferobject.o Objects/bufferobject.c
gcc -pthread -c -fno-strict-aliasing -g -O2 -DNDEBUG -g -fwrapv -O3 -Wall -Wstrict-prototypes  -I. -IInclude -I./Include   -DPy_BUILD_CORE -o Objects/bytes_methods.o Objects/bytes_methods.c
gcc -pthread -c -fno-strict-aliasing -g -O2 -DNDEBUG -g -fwrapv -O3 -Wall -Wstrict-prototypes  -I. -IInclude -I./Include   -DPy_BUILD_CORE -o Objects/bytearrayobject.o Objects/bytearrayobject.c
gcc -pthread -c -fno-strict-aliasing -g -O2 -DNDEBUG -g -fwrapv -O3 -Wall -Wstrict-prototypes  -I. -IInclude -I./Include   -DPy_BUILD_CORE -o Objects/capsule.o Objects/capsule.c
gcc -pthread -c -fno-strict-aliasing -g -O2 -DNDEBUG -g -fwrapv -O3 -Wall -Wstrict-prototypes  -I. -IInclude -I./Include   -DPy_BUILD_CORE -o Objects/cellobject.o Objects/cellobject.c
gcc -pthread -c -fno-strict-aliasing -g -O2 -DNDEBUG -g -fwrapv -O3 -Wall -Wstrict-prototypes  -I. -IInclude -I./Include   -DPy_BUILD_CORE -o Objects/classobject.o Objects/classobject.c
gcc -pthread -c -fno-strict-aliasing -g -O2 -DNDEBUG -g -fwrapv -O3 -Wall -Wstrict-prototypes  -I. -IInclude -I./Include   -DPy_BUILD_CORE -o Objects/cobject.o Objects/cobject.c
gcc -pthread -c -fno-strict-aliasing -g -O2 -DNDEBUG -g -fwrapv -O3 -Wall -Wstrict-prototypes  -I. -IInclude -I./Include   -DPy_BUILD_CORE -o Objects/codeobject.o Objects/codeobject.c
gcc -pthread -c -fno-strict-aliasing -g -O2 -DNDEBUG -g -fwrapv -O3 -Wall -Wstrict-prototypes  -I. -IInclude -I./Include   -DPy_BUILD_CORE -o Objects/complexobject.o Objects/complexobject.c
gcc -pthread -c -fno-strict-aliasing -g -O2 -DNDEBUG -g -fwrapv -O3 -Wall -Wstrict-prototypes  -I. -IInclude -I./Include   -DPy_BUILD_CORE -o Objects/descrobject.o Objects/descrobject.c
gcc -pthread -c -fno-strict-aliasing -g -O2 -DNDEBUG -g -fwrapv -O3 -Wall -Wstrict-prototypes  -I. -IInclude -I./Include   -DPy_BUILD_CORE -o Objects/enumobject.o Objects/enumobject.c
gcc -pthread -c -fno-strict-aliasing -g -O2 -DNDEBUG -g -fwrapv -O3 -Wall -Wstrict-prototypes  -I. -IInclude -I./Include   -DPy_BUILD_CORE -o Objects/exceptions.o Objects/exceptions.c
gcc -pthread -c -fno-strict-aliasing -g -O2 -DNDEBUG -g -fwrapv -O3 -Wall -Wstrict-prototypes  -I. -IInclude -I./Include   -DPy_BUILD_CORE -o Objects/genobject.o Objects/genobject.c
gcc -pthread -c -fno-strict-aliasing -g -O2 -DNDEBUG -g -fwrapv -O3 -Wall -Wstrict-prototypes  -I. -IInclude -I./Include   -DPy_BUILD_CORE -o Objects/fileobject.o Objects/fileobject.c
gcc -pthread -c -fno-strict-aliasing -g -O2 -DNDEBUG -g -fwrapv -O3 -Wall -Wstrict-prototypes  -I. -IInclude -I./Include   -DPy_BUILD_CORE -o Objects/floatobject.o Objects/floatobject.c
gcc -pthread -c -fno-strict-aliasing -g -O2 -DNDEBUG -g -fwrapv -O3 -Wall -Wstrict-prototypes  -I. -IInclude -I./Include   -DPy_BUILD_CORE -o Objects/frameobject.o Objects/frameobject.c
gcc -pthread -c -fno-strict-aliasing -g -O2 -DNDEBUG -g -fwrapv -O3 -Wall -Wstrict-prototypes  -I. -IInclude -I./Include   -DPy_BUILD_CORE -o Objects/funcobject.o Objects/funcobject.c
gcc -pthread -c -fno-strict-aliasing -g -O2 -DNDEBUG -g -fwrapv -O3 -Wall -Wstrict-prototypes  -I. -IInclude -I./Include   -DPy_BUILD_CORE -o Objects/intobject.o Objects/intobject.c
gcc -pthread -c -fno-strict-aliasing -g -O2 -DNDEBUG -g -fwrapv -O3 -Wall -Wstrict-prototypes  -I. -IInclude -I./Include   -DPy_BUILD_CORE -o Objects/iterobject.o Objects/iterobject.c
gcc -pthread -c -fno-strict-aliasing -g -O2 -DNDEBUG -g -fwrapv -O3 -Wall -Wstrict-prototypes  -I. -IInclude -I./Include   -DPy_BUILD_CORE -o Objects/listobject.o Objects/listobject.c
gcc -pthread -c -fno-strict-aliasing -g -O2 -DNDEBUG -g -fwrapv -O3 -Wall -Wstrict-prototypes  -I. -IInclude -I./Include   -DPy_BUILD_CORE -o Objects/longobject.o Objects/longobject.c
gcc -pthread -c -fno-strict-aliasing -g -O2 -DNDEBUG -g -fwrapv -O3 -Wall -Wstrict-prototypes  -I. -IInclude -I./Include   -DPy_BUILD_CORE -o Objects/dictobject.o Objects/dictobject.c
gcc -pthread -c -fno-strict-aliasing -g -O2 -DNDEBUG -g -fwrapv -O3 -Wall -Wstrict-prototypes  -I. -IInclude -I./Include   -DPy_BUILD_CORE -o Objects/memoryobject.o Objects/memoryobject.c
gcc -pthread -c -fno-strict-aliasing -g -O2 -DNDEBUG -g -fwrapv -O3 -Wall -Wstrict-prototypes  -I. -IInclude -I./Include   -DPy_BUILD_CORE -o Objects/methodobject.o Objects/methodobject.c
gcc -pthread -c -fno-strict-aliasing -g -O2 -DNDEBUG -g -fwrapv -O3 -Wall -Wstrict-prototypes  -I. -IInclude -I./Include   -DPy_BUILD_CORE -o Objects/moduleobject.o Objects/moduleobject.c
gcc -pthread -c -fno-strict-aliasing -g -O2 -DNDEBUG -g -fwrapv -O3 -Wall -Wstrict-prototypes  -I. -IInclude -I./Include   -DPy_BUILD_CORE -o Objects/object.o Objects/object.c
gcc -pthread -c -fno-strict-aliasing -g -O2 -DNDEBUG -g -fwrapv -O3 -Wall -Wstrict-prototypes  -I. -IInclude -I./Include   -DPy_BUILD_CORE -o Objects/obmalloc.o Objects/obmalloc.c
gcc -pthread -c -fno-strict-aliasing -g -O2 -DNDEBUG -g -fwrapv -O3 -Wall -Wstrict-prototypes  -I. -IInclude -I./Include   -DPy_BUILD_CORE -o Objects/rangeobject.o Objects/rangeobject.c
gcc -pthread -c -fno-strict-aliasing -g -O2 -DNDEBUG -g -fwrapv -O3 -Wall -Wstrict-prototypes  -I. -IInclude -I./Include   -DPy_BUILD_CORE -o Objects/setobject.o Objects/setobject.c
gcc -pthread -c -fno-strict-aliasing -g -O2 -DNDEBUG -g -fwrapv -O3 -Wall -Wstrict-prototypes  -I. -IInclude -I./Include   -DPy_BUILD_CORE -o Objects/sliceobject.o Objects/sliceobject.c
gcc -pthread -c -fno-strict-aliasing -g -O2 -DNDEBUG -g -fwrapv -O3 -Wall -Wstrict-prototypes  -I. -IInclude -I./Include   -DPy_BUILD_CORE -o Objects/stringobject.o Objects/stringobject.c
gcc -pthread -c -fno-strict-aliasing -g -O2 -DNDEBUG -g -fwrapv -O3 -Wall -Wstrict-prototypes  -I. -IInclude -I./Include   -DPy_BUILD_CORE -o Objects/structseq.o Objects/structseq.c
gcc -pthread -c -fno-strict-aliasing -g -O2 -DNDEBUG -g -fwrapv -O3 -Wall -Wstrict-prototypes  -I. -IInclude -I./Include   -DPy_BUILD_CORE -o Objects/tupleobject.o Objects/tupleobject.c
gcc -pthread -c -fno-strict-aliasing -g -O2 -DNDEBUG -g -fwrapv -O3 -Wall -Wstrict-prototypes  -I. -IInclude -I./Include   -DPy_BUILD_CORE -o Objects/typeobject.o Objects/typeobject.c
gcc -pthread -c -fno-strict-aliasing -g -O2 -DNDEBUG -g -fwrapv -O3 -Wall -Wstrict-prototypes  -I. -IInclude -I./Include   -DPy_BUILD_CORE -o Objects/weakrefobject.o Objects/weakrefobject.c
gcc -pthread -c -fno-strict-aliasing -g -O2 -DNDEBUG -g -fwrapv -O3 -Wall -Wstrict-prototypes  -I. -IInclude -I./Include   -DPy_BUILD_CORE -o Objects/unicodeobject.o Objects/unicodeobject.c
gcc -pthread -c -fno-strict-aliasing -g -O2 -DNDEBUG -g -fwrapv -O3 -Wall -Wstrict-prototypes  -I. -IInclude -I./Include   -DPy_BUILD_CORE -o Objects/unicodectype.o Objects/unicodectype.c
gcc -pthread -c -fno-strict-aliasing -g -O2 -DNDEBUG -g -fwrapv -O3 -Wall -Wstrict-prototypes  -I. -IInclude -I./Include   -DPy_BUILD_CORE -o Python/_warnings.o Python/_warnings.c
gcc -pthread -c -fno-strict-aliasing -g -O2 -DNDEBUG -g -fwrapv -O3 -Wall -Wstrict-prototypes  -I. -IInclude -I./Include   -DPy_BUILD_CORE -o Python/Python-ast.o Python/Python-ast.c
gcc -pthread -c -fno-strict-aliasing -g -O2 -DNDEBUG -g -fwrapv -O3 -Wall -Wstrict-prototypes  -I. -IInclude -I./Include   -DPy_BUILD_CORE -o Python/asdl.o Python/asdl.c
gcc -pthread -c -fno-strict-aliasing -g -O2 -DNDEBUG -g -fwrapv -O3 -Wall -Wstrict-prototypes  -I. -IInclude -I./Include   -DPy_BUILD_CORE -o Python/ast.o Python/ast.c
gcc -pthread -c -fno-strict-aliasing -g -O2 -DNDEBUG -g -fwrapv -O3 -Wall -Wstrict-prototypes  -I. -IInclude -I./Include   -DPy_BUILD_CORE -o Python/bltinmodule.o Python/bltinmodule.c
gcc -pthread -c -fno-strict-aliasing -g -O2 -DNDEBUG -g -fwrapv -O3 -Wall -Wstrict-prototypes  -I. -IInclude -I./Include   -DPy_BUILD_CORE -o Python/ceval.o Python/ceval.c
gcc -pthread -c -fno-strict-aliasing -g -O2 -DNDEBUG -g -fwrapv -O3 -Wall -Wstrict-prototypes  -I. -IInclude -I./Include   -DPy_BUILD_CORE -o Python/compile.o Python/compile.c
gcc -pthread -c -fno-strict-aliasing -g -O2 -DNDEBUG -g -fwrapv -O3 -Wall -Wstrict-prototypes  -I. -IInclude -I./Include   -DPy_BUILD_CORE -o Python/codecs.o Python/codecs.c
gcc -pthread -c -fno-strict-aliasing -g -O2 -DNDEBUG -g -fwrapv -O3 -Wall -Wstrict-prototypes  -I. -IInclude -I./Include   -DPy_BUILD_CORE -o Python/errors.o Python/errors.c
gcc -pthread -c -fno-strict-aliasing -g -O2 -DNDEBUG -g -fwrapv -O3 -Wall -Wstrict-prototypes  -I. -IInclude -I./Include   -DPy_BUILD_CORE -o Python/frozen.o Python/frozen.c
gcc -pthread -c -fno-strict-aliasing -g -O2 -DNDEBUG -g -fwrapv -O3 -Wall -Wstrict-prototypes  -I. -IInclude -I./Include   -DPy_BUILD_CORE -o Python/frozenmain.o Python/frozenmain.c
gcc -pthread -c -fno-strict-aliasing -g -O2 -DNDEBUG -g -fwrapv -O3 -Wall -Wstrict-prototypes  -I. -IInclude -I./Include   -DPy_BUILD_CORE -o Python/future.o Python/future.c
gcc -pthread -c -fno-strict-aliasing -g -O2 -DNDEBUG -g -fwrapv -O3 -Wall -Wstrict-prototypes  -I. -IInclude -I./Include   -DPy_BUILD_CORE -o Python/getargs.o Python/getargs.c
gcc -pthread -c -fno-strict-aliasing -g -O2 -DNDEBUG -g -fwrapv -O3 -Wall -Wstrict-prototypes  -I. -IInclude -I./Include   -DPy_BUILD_CORE -o Python/getcompiler.o Python/getcompiler.c
gcc -pthread -c -fno-strict-aliasing -g -O2 -DNDEBUG -g -fwrapv -O3 -Wall -Wstrict-prototypes  -I. -IInclude -I./Include   -DPy_BUILD_CORE -o Python/getcopyright.o Python/getcopyright.c
gcc -pthread -c -fno-strict-aliasing -g -O2 -DNDEBUG -g -fwrapv -O3 -Wall -Wstrict-prototypes  -I. -IInclude -I./Include   -DPy_BUILD_CORE -DPLATFORM='"linux2"' -o Python/getplatform.o ./Python/getplatform.c
gcc -pthread -c -fno-strict-aliasing -g -O2 -DNDEBUG -g -fwrapv -O3 -Wall -Wstrict-prototypes  -I. -IInclude -I./Include   -DPy_BUILD_CORE -o Python/getversion.o Python/getversion.c
gcc -pthread -c -fno-strict-aliasing -g -O2 -DNDEBUG -g -fwrapv -O3 -Wall -Wstrict-prototypes  -I. -IInclude -I./Include   -DPy_BUILD_CORE -o Python/graminit.o Python/graminit.c
gcc -pthread -c -fno-strict-aliasing -g -O2 -DNDEBUG -g -fwrapv -O3 -Wall -Wstrict-prototypes  -I. -IInclude -I./Include   -DPy_BUILD_CORE -o Python/import.o Python/import.c
gcc -pthread -c -fno-strict-aliasing -g -O2 -DNDEBUG -g -fwrapv -O3 -Wall -Wstrict-prototypes  -I. -IInclude -I./Include   -DPy_BUILD_CORE -I. -o Python/importdl.o ./Python/importdl.c
gcc -pthread -c -fno-strict-aliasing -g -O2 -DNDEBUG -g -fwrapv -O3 -Wall -Wstrict-prototypes  -I. -IInclude -I./Include   -DPy_BUILD_CORE -o Python/marshal.o Python/marshal.c
gcc -pthread -c -fno-strict-aliasing -g -O2 -DNDEBUG -g -fwrapv -O3 -Wall -Wstrict-prototypes  -I. -IInclude -I./Include   -DPy_BUILD_CORE -o Python/modsupport.o Python/modsupport.c
gcc -pthread -c -fno-strict-aliasing -g -O2 -DNDEBUG -g -fwrapv -O3 -Wall -Wstrict-prototypes  -I. -IInclude -I./Include   -DPy_BUILD_CORE -o Python/mystrtoul.o Python/mystrtoul.c
gcc -pthread -c -fno-strict-aliasing -g -O2 -DNDEBUG -g -fwrapv -O3 -Wall -Wstrict-prototypes  -I. -IInclude -I./Include   -DPy_BUILD_CORE -o Python/mysnprintf.o Python/mysnprintf.c
gcc -pthread -c -fno-strict-aliasing -g -O2 -DNDEBUG -g -fwrapv -O3 -Wall -Wstrict-prototypes  -I. -IInclude -I./Include   -DPy_BUILD_CORE -o Python/peephole.o Python/peephole.c
gcc -pthread -c -fno-strict-aliasing -g -O2 -DNDEBUG -g -fwrapv -O3 -Wall -Wstrict-prototypes  -I. -IInclude -I./Include   -DPy_BUILD_CORE -o Python/pyarena.o Python/pyarena.c
gcc -pthread -c -fno-strict-aliasing -g -O2 -DNDEBUG -g -fwrapv -O3 -Wall -Wstrict-prototypes  -I. -IInclude -I./Include   -DPy_BUILD_CORE -o Python/pyctype.o Python/pyctype.c
gcc -pthread -c -fno-strict-aliasing -g -O2 -DNDEBUG -g -fwrapv -O3 -Wall -Wstrict-prototypes  -I. -IInclude -I./Include   -DPy_BUILD_CORE -o Python/pyfpe.o Python/pyfpe.c
gcc -pthread -c -fno-strict-aliasing -g -O2 -DNDEBUG -g -fwrapv -O3 -Wall -Wstrict-prototypes  -I. -IInclude -I./Include   -DPy_BUILD_CORE -o Python/pymath.o Python/pymath.c
gcc -pthread -c -fno-strict-aliasing -g -O2 -DNDEBUG -g -fwrapv -O3 -Wall -Wstrict-prototypes  -I. -IInclude -I./Include   -DPy_BUILD_CORE -o Python/pystate.o Python/pystate.c
gcc -pthread -c -fno-strict-aliasing -g -O2 -DNDEBUG -g -fwrapv -O3 -Wall -Wstrict-prototypes  -I. -IInclude -I./Include   -DPy_BUILD_CORE -o Python/pythonrun.o Python/pythonrun.c
gcc -pthread -c -fno-strict-aliasing -g -O2 -DNDEBUG -g -fwrapv -O3 -Wall -Wstrict-prototypes  -I. -IInclude -I./Include   -DPy_BUILD_CORE -o Python/random.o Python/random.c
gcc -pthread -c -fno-strict-aliasing -g -O2 -DNDEBUG -g -fwrapv -O3 -Wall -Wstrict-prototypes  -I. -IInclude -I./Include   -DPy_BUILD_CORE -o Python/structmember.o Python/structmember.c
gcc -pthread -c -fno-strict-aliasing -g -O2 -DNDEBUG -g -fwrapv -O3 -Wall -Wstrict-prototypes  -I. -IInclude -I./Include   -DPy_BUILD_CORE -o Python/symtable.o Python/symtable.c
gcc -pthread -c -fno-strict-aliasing -g -O2 -DNDEBUG -g -fwrapv -O3 -Wall -Wstrict-prototypes  -I. -IInclude -I./Include   -DPy_BUILD_CORE -o Python/sysmodule.o Python/sysmodule.c
gcc -pthread -c -fno-strict-aliasing -g -O2 -DNDEBUG -g -fwrapv -O3 -Wall -Wstrict-prototypes  -I. -IInclude -I./Include   -DPy_BUILD_CORE -o Python/traceback.o Python/traceback.c
gcc -pthread -c -fno-strict-aliasing -g -O2 -DNDEBUG -g -fwrapv -O3 -Wall -Wstrict-prototypes  -I. -IInclude -I./Include   -DPy_BUILD_CORE -o Python/getopt.o Python/getopt.c
gcc -pthread -c -fno-strict-aliasing -g -O2 -DNDEBUG -g -fwrapv -O3 -Wall -Wstrict-prototypes  -I. -IInclude -I./Include   -DPy_BUILD_CORE -o Python/pystrcmp.o Python/pystrcmp.c
gcc -pthread -c -fno-strict-aliasing -g -O2 -DNDEBUG -g -fwrapv -O3 -Wall -Wstrict-prototypes  -I. -IInclude -I./Include   -DPy_BUILD_CORE -o Python/pystrtod.o Python/pystrtod.c
gcc -pthread -c -fno-strict-aliasing -g -O2 -DNDEBUG -g -fwrapv -O3 -Wall -Wstrict-prototypes  -I. -IInclude -I./Include   -DPy_BUILD_CORE -o Python/dtoa.o Python/dtoa.c
gcc -pthread -c -fno-strict-aliasing -g -O2 -DNDEBUG -g -fwrapv -O3 -Wall -Wstrict-prototypes  -I. -IInclude -I./Include   -DPy_BUILD_CORE -o Python/formatter_unicode.o Python/formatter_unicode.c
gcc -pthread -c -fno-strict-aliasing -g -O2 -DNDEBUG -g -fwrapv -O3 -Wall -Wstrict-prototypes  -I. -IInclude -I./Include   -DPy_BUILD_CORE -o Python/formatter_string.o Python/formatter_string.c
gcc -pthread -c -fno-strict-aliasing -g -O2 -DNDEBUG -g -fwrapv -O3 -Wall -Wstrict-prototypes  -I. -IInclude -I./Include   -DPy_BUILD_CORE -o Python/dynload_shlib.o Python/dynload_shlib.c
gcc -pthread -c -fno-strict-aliasing -g -O2 -DNDEBUG -g -fwrapv -O3 -Wall -Wstrict-prototypes  -I. -IInclude -I./Include   -DPy_BUILD_CORE -o Python/thread.o Python/thread.c
gcc -pthread -c -fno-strict-aliasing -g -O2 -DNDEBUG -g -fwrapv -O3 -Wall -Wstrict-prototypes  -I. -IInclude -I./Include   -DPy_BUILD_CORE -o Modules/config.o Modules/config.c
gcc -pthread -c -fno-strict-aliasing -g -O2 -DNDEBUG -g -fwrapv -O3 -Wall -Wstrict-prototypes  -I. -IInclude -I./Include   -DPy_BUILD_CORE -DPYTHONPATH='":plat-linux2:lib-tk:lib-old"' \
	-DPREFIX='"/usr/local"' \
	-DEXEC_PREFIX='"/usr/local"' \
	-DVERSION='"2.7"' \
	-DVPATH='""' \
	-o Modules/getpath.o ./Modules/getpath.c
gcc -pthread -c -fno-strict-aliasing -g -O2 -DNDEBUG -g -fwrapv -O3 -Wall -Wstrict-prototypes  -I. -IInclude -I./Include   -DPy_BUILD_CORE -o Modules/main.o Modules/main.c
gcc -pthread -c -fno-strict-aliasing -g -O2 -DNDEBUG -g -fwrapv -O3 -Wall -Wstrict-prototypes  -I. -IInclude -I./Include   -DPy_BUILD_CORE -o Modules/gcmodule.o Modules/gcmodule.c
gcc -pthread -fno-strict-aliasing -g -O2 -DNDEBUG -g -fwrapv -O3 -Wall -Wstrict-prototypes  -I. -IInclude -I./Include   -DPy_BUILD_CORE  -c ./Modules/threadmodule.c -o Modules/threadmodule.o
gcc -pthread -fno-strict-aliasing -g -O2 -DNDEBUG -g -fwrapv -O3 -Wall -Wstrict-prototypes  -I. -IInclude -I./Include   -DPy_BUILD_CORE  -c ./Modules/signalmodule.c -o Modules/signalmodule.o
gcc -pthread -fno-strict-aliasing -g -O2 -DNDEBUG -g -fwrapv -O3 -Wall -Wstrict-prototypes  -I. -IInclude -I./Include   -DPy_BUILD_CORE  -c ./Modules/posixmodule.c -o Modules/posixmodule.o
gcc -pthread -fno-strict-aliasing -g -O2 -DNDEBUG -g -fwrapv -O3 -Wall -Wstrict-prototypes  -I. -IInclude -I./Include   -DPy_BUILD_CORE  -c ./Modules/errnomodule.c -o Modules/errnomodule.o
gcc -pthread -fno-strict-aliasing -g -O2 -DNDEBUG -g -fwrapv -O3 -Wall -Wstrict-prototypes  -I. -IInclude -I./Include   -DPy_BUILD_CORE  -c ./Modules/pwdmodule.c -o Modules/pwdmodule.o
gcc -pthread -fno-strict-aliasing -g -O2 -DNDEBUG -g -fwrapv -O3 -Wall -Wstrict-prototypes  -I. -IInclude -I./Include   -DPy_BUILD_CORE  -c ./Modules/_sre.c -o Modules/_sre.o
gcc -pthread -fno-strict-aliasing -g -O2 -DNDEBUG -g -fwrapv -O3 -Wall -Wstrict-prototypes  -I. -IInclude -I./Include   -DPy_BUILD_CORE  -c ./Modules/_codecsmodule.c -o Modules/_codecsmodule.o
gcc -pthread -fno-strict-aliasing -g -O2 -DNDEBUG -g -fwrapv -O3 -Wall -Wstrict-prototypes  -I. -IInclude -I./Include   -DPy_BUILD_CORE  -c ./Modules/_weakref.c -o Modules/_weakref.o
gcc -pthread -fno-strict-aliasing -g -O2 -DNDEBUG -g -fwrapv -O3 -Wall -Wstrict-prototypes  -I. -IInclude -I./Include   -DPy_BUILD_CORE  -c ./Modules/zipimport.c -o Modules/zipimport.o
gcc -pthread -fno-strict-aliasing -g -O2 -DNDEBUG -g -fwrapv -O3 -Wall -Wstrict-prototypes  -I. -IInclude -I./Include   -DPy_BUILD_CORE  -c ./Modules/symtablemodule.c -o Modules/symtablemodule.o
gcc -pthread -fno-strict-aliasing -g -O2 -DNDEBUG -g -fwrapv -O3 -Wall -Wstrict-prototypes  -I. -IInclude -I./Include   -DPy_BUILD_CORE  -c ./Modules/xxsubtype.c -o Modules/xxsubtype.o
gcc -pthread -c -fno-strict-aliasing -g -O2 -DNDEBUG -g -fwrapv -O3 -Wall -Wstrict-prototypes  -I. -IInclude -I./Include   -DPy_BUILD_CORE \
      -DGITVERSION="\"`LC_ALL=C `\"" \
      -DGITTAG="\"`LC_ALL=C `\"" \
      -DGITBRANCH="\"`LC_ALL=C `\"" \
      -o Modules/getbuildinfo.o ./Modules/getbuildinfo.c
rm -f libpython2.7.a
ar rc libpython2.7.a Modules/getbuildinfo.o
ar rc libpython2.7.a Parser/acceler.o Parser/grammar1.o Parser/listnode.o Parser/node.o Parser/parser.o Parser/parsetok.o Parser/bitset.o Parser/metagrammar.o Parser/firstsets.o Parser/grammar.o Parser/pgen.o Parser/myreadline.o Parser/tokenizer.o
ar rc libpython2.7.a Objects/abstract.o Objects/boolobject.o Objects/bufferobject.o Objects/bytes_methods.o Objects/bytearrayobject.o Objects/capsule.o Objects/cellobject.o Objects/classobject.o Objects/cobject.o Objects/codeobject.o Objects/complexobject.o Objects/descrobject.o Objects/enumobject.o Objects/exceptions.o Objects/genobject.o Objects/fileobject.o Objects/floatobject.o Objects/frameobject.o Objects/funcobject.o Objects/intobject.o Objects/iterobject.o Objects/listobject.o Objects/longobject.o Objects/dictobject.o Objects/memoryobject.o Objects/methodobject.o Objects/moduleobject.o Objects/object.o Objects/obmalloc.o Objects/rangeobject.o Objects/setobject.o Objects/sliceobject.o Objects/stringobject.o Objects/structseq.o Objects/tupleobject.o Objects/typeobject.o Objects/weakrefobject.o Objects/unicodeobject.o Objects/unicodectype.o
ar rc libpython2.7.a Python/_warnings.o Python/Python-ast.o Python/asdl.o Python/ast.o Python/bltinmodule.o Python/ceval.o Python/compile.o Python/codecs.o Python/errors.o Python/frozen.o Python/frozenmain.o Python/future.o Python/getargs.o Python/getcompiler.o Python/getcopyright.o Python/getplatform.o Python/getversion.o Python/graminit.o Python/import.o Python/importdl.o Python/marshal.o Python/modsupport.o Python/mystrtoul.o Python/mysnprintf.o Python/peephole.o Python/pyarena.o Python/pyctype.o Python/pyfpe.o Python/pymath.o Python/pystate.o Python/pythonrun.o Python/random.o Python/structmember.o Python/symtable.o Python/sysmodule.o Python/traceback.o Python/getopt.o Python/pystrcmp.o Python/pystrtod.o Python/dtoa.o Python/formatter_unicode.o Python/formatter_string.o Python/dynload_shlib.o   Python/thread.o
ar rc libpython2.7.a Modules/config.o Modules/getpath.o Modules/main.o Modules/gcmodule.o 
ar rc libpython2.7.a Modules/threadmodule.o  Modules/signalmodule.o  Modules/posixmodule.o  Modules/errnomodule.o  Modules/pwdmodule.o  Modules/_sre.o  Modules/_codecsmodule.o  Modules/_weakref.o  Modules/zipimport.o  Modules/symtablemodule.o  Modules/xxsubtype.o
ranlib libpython2.7.a
/usr/bin/g++ -static  -o python \
		Modules/python.o \
		libpython2.7.a -lpthread -ldl  -lutil   -lm  
./python -E -S -m sysconfig --generate-posix-vars ;\
if test $? -ne 0 ; then \
	echo "generate-posix-vars failed" ; \
	rm -f ./pybuilddir.txt ; \
	exit 1 ; \
fi
gcc -pthread -c -fPIC -fno-strict-aliasing -g -O2 -DNDEBUG -g -fwrapv -O3 -Wall -Wstrict-prototypes  -I. -IInclude -I./Include   -DPy_BUILD_CORE -o Modules/_math.o Modules/_math.c
running build
running build_ext
INFO: Can't locate Tcl/Tk libs and/or headers
building '_struct' extension
gcc -pthread -fPIC -fno-strict-aliasing -g -O2 -DNDEBUG -g -fwrapv -O3 -Wall -Wstrict-prototypes -I. -IInclude -I./Include -I/usr/include/arm-linux-gnueabihf -I/usr/local/include -I/home/pi/python/source/python_static/Include -I/home/pi/python/source/python_static -c /home/pi/python/source/python_static/Modules/_struct.c -o build/temp.linux-armv7l-2.7/home/pi/python/source/python_static/Modules/_struct.o
gcc -pthread -shared -static -static build/temp.linux-armv7l-2.7/home/pi/python/source/python_static/Modules/_struct.o -L/usr/lib/arm-linux-gnueabihf -L/usr/local/lib -o build/lib.linux-armv7l-2.7/_struct.so
building '_ctypes_test' extension
gcc -pthread -fPIC -fno-strict-aliasing -g -O2 -DNDEBUG -g -fwrapv -O3 -Wall -Wstrict-prototypes -I. -IInclude -I./Include -I/usr/include/arm-linux-gnueabihf -I/usr/local/include -I/home/pi/python/source/python_static/Include -I/home/pi/python/source/python_static -c /home/pi/python/source/python_static/Modules/_ctypes/_ctypes_test.c -o build/temp.linux-armv7l-2.7/home/pi/python/source/python_static/Modules/_ctypes/_ctypes_test.o
gcc -pthread -shared -static -static build/temp.linux-armv7l-2.7/home/pi/python/source/python_static/Modules/_ctypes/_ctypes_test.o -L/usr/lib/arm-linux-gnueabihf -L/usr/local/lib -o build/lib.linux-armv7l-2.7/_ctypes_test.so
building 'array' extension
gcc -pthread -fPIC -fno-strict-aliasing -g -O2 -DNDEBUG -g -fwrapv -O3 -Wall -Wstrict-prototypes -I. -IInclude -I./Include -I/usr/include/arm-linux-gnueabihf -I/usr/local/include -I/home/pi/python/source/python_static/Include -I/home/pi/python/source/python_static -c /home/pi/python/source/python_static/Modules/arraymodule.c -o build/temp.linux-armv7l-2.7/home/pi/python/source/python_static/Modules/arraymodule.o
gcc -pthread -shared -static -static build/temp.linux-armv7l-2.7/home/pi/python/source/python_static/Modules/arraymodule.o -L/usr/lib/arm-linux-gnueabihf -L/usr/local/lib -o build/lib.linux-armv7l-2.7/array.so
building 'cmath' extension
gcc -pthread -fPIC -fno-strict-aliasing -g -O2 -DNDEBUG -g -fwrapv -O3 -Wall -Wstrict-prototypes -I. -IInclude -I./Include -I/usr/include/arm-linux-gnueabihf -I/usr/local/include -I/home/pi/python/source/python_static/Include -I/home/pi/python/source/python_static -c /home/pi/python/source/python_static/Modules/cmathmodule.c -o build/temp.linux-armv7l-2.7/home/pi/python/source/python_static/Modules/cmathmodule.o
gcc -pthread -shared -static -static build/temp.linux-armv7l-2.7/home/pi/python/source/python_static/Modules/cmathmodule.o Modules/_math.o -L/usr/lib/arm-linux-gnueabihf -L/usr/local/lib -lm -o build/lib.linux-armv7l-2.7/cmath.so
building 'math' extension
gcc -pthread -fPIC -fno-strict-aliasing -g -O2 -DNDEBUG -g -fwrapv -O3 -Wall -Wstrict-prototypes -I. -IInclude -I./Include -I/usr/include/arm-linux-gnueabihf -I/usr/local/include -I/home/pi/python/source/python_static/Include -I/home/pi/python/source/python_static -c /home/pi/python/source/python_static/Modules/mathmodule.c -o build/temp.linux-armv7l-2.7/home/pi/python/source/python_static/Modules/mathmodule.o
gcc -pthread -shared -static -static build/temp.linux-armv7l-2.7/home/pi/python/source/python_static/Modules/mathmodule.o Modules/_math.o -L/usr/lib/arm-linux-gnueabihf -L/usr/local/lib -lm -o build/lib.linux-armv7l-2.7/math.so
building 'strop' extension
gcc -pthread -fPIC -fno-strict-aliasing -g -O2 -DNDEBUG -g -fwrapv -O3 -Wall -Wstrict-prototypes -I. -IInclude -I./Include -I/usr/include/arm-linux-gnueabihf -I/usr/local/include -I/home/pi/python/source/python_static/Include -I/home/pi/python/source/python_static -c /home/pi/python/source/python_static/Modules/stropmodule.c -o build/temp.linux-armv7l-2.7/home/pi/python/source/python_static/Modules/stropmodule.o
gcc -pthread -shared -static -static build/temp.linux-armv7l-2.7/home/pi/python/source/python_static/Modules/stropmodule.o -L/usr/lib/arm-linux-gnueabihf -L/usr/local/lib -o build/lib.linux-armv7l-2.7/strop.so
building 'time' extension
gcc -pthread -fPIC -fno-strict-aliasing -g -O2 -DNDEBUG -g -fwrapv -O3 -Wall -Wstrict-prototypes -I. -IInclude -I./Include -I/usr/include/arm-linux-gnueabihf -I/usr/local/include -I/home/pi/python/source/python_static/Include -I/home/pi/python/source/python_static -c /home/pi/python/source/python_static/Modules/timemodule.c -o build/temp.linux-armv7l-2.7/home/pi/python/source/python_static/Modules/timemodule.o
gcc -pthread -shared -static -static build/temp.linux-armv7l-2.7/home/pi/python/source/python_static/Modules/timemodule.o -L/usr/lib/arm-linux-gnueabihf -L/usr/local/lib -lm -o build/lib.linux-armv7l-2.7/time.so
building 'datetime' extension
gcc -pthread -fPIC -fno-strict-aliasing -g -O2 -DNDEBUG -g -fwrapv -O3 -Wall -Wstrict-prototypes -I. -IInclude -I./Include -I/usr/include/arm-linux-gnueabihf -I/usr/local/include -I/home/pi/python/source/python_static/Include -I/home/pi/python/source/python_static -c /home/pi/python/source/python_static/Modules/datetimemodule.c -o build/temp.linux-armv7l-2.7/home/pi/python/source/python_static/Modules/datetimemodule.o
gcc -pthread -fPIC -fno-strict-aliasing -g -O2 -DNDEBUG -g -fwrapv -O3 -Wall -Wstrict-prototypes -I. -IInclude -I./Include -I/usr/include/arm-linux-gnueabihf -I/usr/local/include -I/home/pi/python/source/python_static/Include -I/home/pi/python/source/python_static -c /home/pi/python/source/python_static/Modules/timemodule.c -o build/temp.linux-armv7l-2.7/home/pi/python/source/python_static/Modules/timemodule.o
gcc -pthread -shared -static -static build/temp.linux-armv7l-2.7/home/pi/python/source/python_static/Modules/datetimemodule.o build/temp.linux-armv7l-2.7/home/pi/python/source/python_static/Modules/timemodule.o -L/usr/lib/arm-linux-gnueabihf -L/usr/local/lib -lm -o build/lib.linux-armv7l-2.7/datetime.so
building 'itertools' extension
gcc -pthread -fPIC -fno-strict-aliasing -g -O2 -DNDEBUG -g -fwrapv -O3 -Wall -Wstrict-prototypes -I. -IInclude -I./Include -I/usr/include/arm-linux-gnueabihf -I/usr/local/include -I/home/pi/python/source/python_static/Include -I/home/pi/python/source/python_static -c /home/pi/python/source/python_static/Modules/itertoolsmodule.c -o build/temp.linux-armv7l-2.7/home/pi/python/source/python_static/Modules/itertoolsmodule.o
gcc -pthread -shared -static -static build/temp.linux-armv7l-2.7/home/pi/python/source/python_static/Modules/itertoolsmodule.o -L/usr/lib/arm-linux-gnueabihf -L/usr/local/lib -o build/lib.linux-armv7l-2.7/itertools.so
building 'future_builtins' extension
gcc -pthread -fPIC -fno-strict-aliasing -g -O2 -DNDEBUG -g -fwrapv -O3 -Wall -Wstrict-prototypes -I. -IInclude -I./Include -I/usr/include/arm-linux-gnueabihf -I/usr/local/include -I/home/pi/python/source/python_static/Include -I/home/pi/python/source/python_static -c /home/pi/python/source/python_static/Modules/future_builtins.c -o build/temp.linux-armv7l-2.7/home/pi/python/source/python_static/Modules/future_builtins.o
gcc -pthread -shared -static -static build/temp.linux-armv7l-2.7/home/pi/python/source/python_static/Modules/future_builtins.o -L/usr/lib/arm-linux-gnueabihf -L/usr/local/lib -o build/lib.linux-armv7l-2.7/future_builtins.so
building '_random' extension
gcc -pthread -fPIC -fno-strict-aliasing -g -O2 -DNDEBUG -g -fwrapv -O3 -Wall -Wstrict-prototypes -I. -IInclude -I./Include -I/usr/include/arm-linux-gnueabihf -I/usr/local/include -I/home/pi/python/source/python_static/Include -I/home/pi/python/source/python_static -c /home/pi/python/source/python_static/Modules/_randommodule.c -o build/temp.linux-armv7l-2.7/home/pi/python/source/python_static/Modules/_randommodule.o
gcc -pthread -shared -static -static build/temp.linux-armv7l-2.7/home/pi/python/source/python_static/Modules/_randommodule.o -L/usr/lib/arm-linux-gnueabihf -L/usr/local/lib -o build/lib.linux-armv7l-2.7/_random.so
building '_collections' extension
gcc -pthread -fPIC -fno-strict-aliasing -g -O2 -DNDEBUG -g -fwrapv -O3 -Wall -Wstrict-prototypes -I. -IInclude -I./Include -I/usr/include/arm-linux-gnueabihf -I/usr/local/include -I/home/pi/python/source/python_static/Include -I/home/pi/python/source/python_static -c /home/pi/python/source/python_static/Modules/_collectionsmodule.c -o build/temp.linux-armv7l-2.7/home/pi/python/source/python_static/Modules/_collectionsmodule.o
gcc -pthread -shared -static -static build/temp.linux-armv7l-2.7/home/pi/python/source/python_static/Modules/_collectionsmodule.o -L/usr/lib/arm-linux-gnueabihf -L/usr/local/lib -o build/lib.linux-armv7l-2.7/_collections.so
building '_bisect' extension
gcc -pthread -fPIC -fno-strict-aliasing -g -O2 -DNDEBUG -g -fwrapv -O3 -Wall -Wstrict-prototypes -I. -IInclude -I./Include -I/usr/include/arm-linux-gnueabihf -I/usr/local/include -I/home/pi/python/source/python_static/Include -I/home/pi/python/source/python_static -c /home/pi/python/source/python_static/Modules/_bisectmodule.c -o build/temp.linux-armv7l-2.7/home/pi/python/source/python_static/Modules/_bisectmodule.o
gcc -pthread -shared -static -static build/temp.linux-armv7l-2.7/home/pi/python/source/python_static/Modules/_bisectmodule.o -L/usr/lib/arm-linux-gnueabihf -L/usr/local/lib -o build/lib.linux-armv7l-2.7/_bisect.so
building '_heapq' extension
gcc -pthread -fPIC -fno-strict-aliasing -g -O2 -DNDEBUG -g -fwrapv -O3 -Wall -Wstrict-prototypes -I. -IInclude -I./Include -I/usr/include/arm-linux-gnueabihf -I/usr/local/include -I/home/pi/python/source/python_static/Include -I/home/pi/python/source/python_static -c /home/pi/python/source/python_static/Modules/_heapqmodule.c -o build/temp.linux-armv7l-2.7/home/pi/python/source/python_static/Modules/_heapqmodule.o
gcc -pthread -shared -static -static build/temp.linux-armv7l-2.7/home/pi/python/source/python_static/Modules/_heapqmodule.o -L/usr/lib/arm-linux-gnueabihf -L/usr/local/lib -o build/lib.linux-armv7l-2.7/_heapq.so
building 'operator' extension
gcc -pthread -fPIC -fno-strict-aliasing -g -O2 -DNDEBUG -g -fwrapv -O3 -Wall -Wstrict-prototypes -I. -IInclude -I./Include -I/usr/include/arm-linux-gnueabihf -I/usr/local/include -I/home/pi/python/source/python_static/Include -I/home/pi/python/source/python_static -c /home/pi/python/source/python_static/Modules/operator.c -o build/temp.linux-armv7l-2.7/home/pi/python/source/python_static/Modules/operator.o
gcc -pthread -shared -static -static build/temp.linux-armv7l-2.7/home/pi/python/source/python_static/Modules/operator.o -L/usr/lib/arm-linux-gnueabihf -L/usr/local/lib -o build/lib.linux-armv7l-2.7/operator.so
building '_io' extension
gcc -pthread -fPIC -fno-strict-aliasing -g -O2 -DNDEBUG -g -fwrapv -O3 -Wall -Wstrict-prototypes -IModules/_io -I. -IInclude -I./Include -I/usr/include/arm-linux-gnueabihf -I/usr/local/include -I/home/pi/python/source/python_static/Include -I/home/pi/python/source/python_static -c /home/pi/python/source/python_static/Modules/_io/bufferedio.c -o build/temp.linux-armv7l-2.7/home/pi/python/source/python_static/Modules/_io/bufferedio.o
gcc -pthread -fPIC -fno-strict-aliasing -g -O2 -DNDEBUG -g -fwrapv -O3 -Wall -Wstrict-prototypes -IModules/_io -I. -IInclude -I./Include -I/usr/include/arm-linux-gnueabihf -I/usr/local/include -I/home/pi/python/source/python_static/Include -I/home/pi/python/source/python_static -c /home/pi/python/source/python_static/Modules/_io/bytesio.c -o build/temp.linux-armv7l-2.7/home/pi/python/source/python_static/Modules/_io/bytesio.o
gcc -pthread -fPIC -fno-strict-aliasing -g -O2 -DNDEBUG -g -fwrapv -O3 -Wall -Wstrict-prototypes -IModules/_io -I. -IInclude -I./Include -I/usr/include/arm-linux-gnueabihf -I/usr/local/include -I/home/pi/python/source/python_static/Include -I/home/pi/python/source/python_static -c /home/pi/python/source/python_static/Modules/_io/fileio.c -o build/temp.linux-armv7l-2.7/home/pi/python/source/python_static/Modules/_io/fileio.o
gcc -pthread -fPIC -fno-strict-aliasing -g -O2 -DNDEBUG -g -fwrapv -O3 -Wall -Wstrict-prototypes -IModules/_io -I. -IInclude -I./Include -I/usr/include/arm-linux-gnueabihf -I/usr/local/include -I/home/pi/python/source/python_static/Include -I/home/pi/python/source/python_static -c /home/pi/python/source/python_static/Modules/_io/iobase.c -o build/temp.linux-armv7l-2.7/home/pi/python/source/python_static/Modules/_io/iobase.o
gcc -pthread -fPIC -fno-strict-aliasing -g -O2 -DNDEBUG -g -fwrapv -O3 -Wall -Wstrict-prototypes -IModules/_io -I. -IInclude -I./Include -I/usr/include/arm-linux-gnueabihf -I/usr/local/include -I/home/pi/python/source/python_static/Include -I/home/pi/python/source/python_static -c /home/pi/python/source/python_static/Modules/_io/_iomodule.c -o build/temp.linux-armv7l-2.7/home/pi/python/source/python_static/Modules/_io/_iomodule.o
gcc -pthread -fPIC -fno-strict-aliasing -g -O2 -DNDEBUG -g -fwrapv -O3 -Wall -Wstrict-prototypes -IModules/_io -I. -IInclude -I./Include -I/usr/include/arm-linux-gnueabihf -I/usr/local/include -I/home/pi/python/source/python_static/Include -I/home/pi/python/source/python_static -c /home/pi/python/source/python_static/Modules/_io/stringio.c -o build/temp.linux-armv7l-2.7/home/pi/python/source/python_static/Modules/_io/stringio.o
gcc -pthread -fPIC -fno-strict-aliasing -g -O2 -DNDEBUG -g -fwrapv -O3 -Wall -Wstrict-prototypes -IModules/_io -I. -IInclude -I./Include -I/usr/include/arm-linux-gnueabihf -I/usr/local/include -I/home/pi/python/source/python_static/Include -I/home/pi/python/source/python_static -c /home/pi/python/source/python_static/Modules/_io/textio.c -o build/temp.linux-armv7l-2.7/home/pi/python/source/python_static/Modules/_io/textio.o
gcc -pthread -shared -static -static build/temp.linux-armv7l-2.7/home/pi/python/source/python_static/Modules/_io/bufferedio.o build/temp.linux-armv7l-2.7/home/pi/python/source/python_static/Modules/_io/bytesio.o build/temp.linux-armv7l-2.7/home/pi/python/source/python_static/Modules/_io/fileio.o build/temp.linux-armv7l-2.7/home/pi/python/source/python_static/Modules/_io/iobase.o build/temp.linux-armv7l-2.7/home/pi/python/source/python_static/Modules/_io/_iomodule.o build/temp.linux-armv7l-2.7/home/pi/python/source/python_static/Modules/_io/stringio.o build/temp.linux-armv7l-2.7/home/pi/python/source/python_static/Modules/_io/textio.o -L/usr/lib/arm-linux-gnueabihf -L/usr/local/lib -o build/lib.linux-armv7l-2.7/_io.so
building '_functools' extension
gcc -pthread -fPIC -fno-strict-aliasing -g -O2 -DNDEBUG -g -fwrapv -O3 -Wall -Wstrict-prototypes -I. -IInclude -I./Include -I/usr/include/arm-linux-gnueabihf -I/usr/local/include -I/home/pi/python/source/python_static/Include -I/home/pi/python/source/python_static -c /home/pi/python/source/python_static/Modules/_functoolsmodule.c -o build/temp.linux-armv7l-2.7/home/pi/python/source/python_static/Modules/_functoolsmodule.o
gcc -pthread -shared -static -static build/temp.linux-armv7l-2.7/home/pi/python/source/python_static/Modules/_functoolsmodule.o -L/usr/lib/arm-linux-gnueabihf -L/usr/local/lib -o build/lib.linux-armv7l-2.7/_functools.so
building '_json' extension
gcc -pthread -fPIC -fno-strict-aliasing -g -O2 -DNDEBUG -g -fwrapv -O3 -Wall -Wstrict-prototypes -I. -IInclude -I./Include -I/usr/include/arm-linux-gnueabihf -I/usr/local/include -I/home/pi/python/source/python_static/Include -I/home/pi/python/source/python_static -c /home/pi/python/source/python_static/Modules/_json.c -o build/temp.linux-armv7l-2.7/home/pi/python/source/python_static/Modules/_json.o
gcc -pthread -shared -static -static build/temp.linux-armv7l-2.7/home/pi/python/source/python_static/Modules/_json.o -L/usr/lib/arm-linux-gnueabihf -L/usr/local/lib -o build/lib.linux-armv7l-2.7/_json.so
building '_testcapi' extension
gcc -pthread -fPIC -fno-strict-aliasing -g -O2 -DNDEBUG -g -fwrapv -O3 -Wall -Wstrict-prototypes -I. -IInclude -I./Include -I/usr/include/arm-linux-gnueabihf -I/usr/local/include -I/home/pi/python/source/python_static/Include -I/home/pi/python/source/python_static -c /home/pi/python/source/python_static/Modules/_testcapimodule.c -o build/temp.linux-armv7l-2.7/home/pi/python/source/python_static/Modules/_testcapimodule.o
gcc -pthread -shared -static -static build/temp.linux-armv7l-2.7/home/pi/python/source/python_static/Modules/_testcapimodule.o -L/usr/lib/arm-linux-gnueabihf -L/usr/local/lib -o build/lib.linux-armv7l-2.7/_testcapi.so
building '_hotshot' extension
gcc -pthread -fPIC -fno-strict-aliasing -g -O2 -DNDEBUG -g -fwrapv -O3 -Wall -Wstrict-prototypes -I. -IInclude -I./Include -I/usr/include/arm-linux-gnueabihf -I/usr/local/include -I/home/pi/python/source/python_static/Include -I/home/pi/python/source/python_static -c /home/pi/python/source/python_static/Modules/_hotshot.c -o build/temp.linux-armv7l-2.7/home/pi/python/source/python_static/Modules/_hotshot.o
gcc -pthread -shared -static -static build/temp.linux-armv7l-2.7/home/pi/python/source/python_static/Modules/_hotshot.o -L/usr/lib/arm-linux-gnueabihf -L/usr/local/lib -o build/lib.linux-armv7l-2.7/_hotshot.so
building '_lsprof' extension
gcc -pthread -fPIC -fno-strict-aliasing -g -O2 -DNDEBUG -g -fwrapv -O3 -Wall -Wstrict-prototypes -I. -IInclude -I./Include -I/usr/include/arm-linux-gnueabihf -I/usr/local/include -I/home/pi/python/source/python_static/Include -I/home/pi/python/source/python_static -c /home/pi/python/source/python_static/Modules/_lsprof.c -o build/temp.linux-armv7l-2.7/home/pi/python/source/python_static/Modules/_lsprof.o
gcc -pthread -fPIC -fno-strict-aliasing -g -O2 -DNDEBUG -g -fwrapv -O3 -Wall -Wstrict-prototypes -I. -IInclude -I./Include -I/usr/include/arm-linux-gnueabihf -I/usr/local/include -I/home/pi/python/source/python_static/Include -I/home/pi/python/source/python_static -c /home/pi/python/source/python_static/Modules/rotatingtree.c -o build/temp.linux-armv7l-2.7/home/pi/python/source/python_static/Modules/rotatingtree.o
gcc -pthread -shared -static -static build/temp.linux-armv7l-2.7/home/pi/python/source/python_static/Modules/_lsprof.o build/temp.linux-armv7l-2.7/home/pi/python/source/python_static/Modules/rotatingtree.o -L/usr/lib/arm-linux-gnueabihf -L/usr/local/lib -o build/lib.linux-armv7l-2.7/_lsprof.so
building 'unicodedata' extension
gcc -pthread -fPIC -fno-strict-aliasing -g -O2 -DNDEBUG -g -fwrapv -O3 -Wall -Wstrict-prototypes -I. -IInclude -I./Include -I/usr/include/arm-linux-gnueabihf -I/usr/local/include -I/home/pi/python/source/python_static/Include -I/home/pi/python/source/python_static -c /home/pi/python/source/python_static/Modules/unicodedata.c -o build/temp.linux-armv7l-2.7/home/pi/python/source/python_static/Modules/unicodedata.o
gcc -pthread -shared -static -static build/temp.linux-armv7l-2.7/home/pi/python/source/python_static/Modules/unicodedata.o -L/usr/lib/arm-linux-gnueabihf -L/usr/local/lib -o build/lib.linux-armv7l-2.7/unicodedata.so
building '_locale' extension
gcc -pthread -fPIC -fno-strict-aliasing -g -O2 -DNDEBUG -g -fwrapv -O3 -Wall -Wstrict-prototypes -I. -IInclude -I./Include -I/usr/include/arm-linux-gnueabihf -I/usr/local/include -I/home/pi/python/source/python_static/Include -I/home/pi/python/source/python_static -c /home/pi/python/source/python_static/Modules/_localemodule.c -o build/temp.linux-armv7l-2.7/home/pi/python/source/python_static/Modules/_localemodule.o
gcc -pthread -shared -static -static build/temp.linux-armv7l-2.7/home/pi/python/source/python_static/Modules/_localemodule.o -L/usr/lib/arm-linux-gnueabihf -L/usr/local/lib -o build/lib.linux-armv7l-2.7/_locale.so
building 'fcntl' extension
gcc -pthread -fPIC -fno-strict-aliasing -g -O2 -DNDEBUG -g -fwrapv -O3 -Wall -Wstrict-prototypes -I. -IInclude -I./Include -I/usr/include/arm-linux-gnueabihf -I/usr/local/include -I/home/pi/python/source/python_static/Include -I/home/pi/python/source/python_static -c /home/pi/python/source/python_static/Modules/fcntlmodule.c -o build/temp.linux-armv7l-2.7/home/pi/python/source/python_static/Modules/fcntlmodule.o
gcc -pthread -shared -static -static build/temp.linux-armv7l-2.7/home/pi/python/source/python_static/Modules/fcntlmodule.o -L/usr/lib/arm-linux-gnueabihf -L/usr/local/lib -o build/lib.linux-armv7l-2.7/fcntl.so
building 'grp' extension
gcc -pthread -fPIC -fno-strict-aliasing -g -O2 -DNDEBUG -g -fwrapv -O3 -Wall -Wstrict-prototypes -I. -IInclude -I./Include -I/usr/include/arm-linux-gnueabihf -I/usr/local/include -I/home/pi/python/source/python_static/Include -I/home/pi/python/source/python_static -c /home/pi/python/source/python_static/Modules/grpmodule.c -o build/temp.linux-armv7l-2.7/home/pi/python/source/python_static/Modules/grpmodule.o
gcc -pthread -shared -static -static build/temp.linux-armv7l-2.7/home/pi/python/source/python_static/Modules/grpmodule.o -L/usr/lib/arm-linux-gnueabihf -L/usr/local/lib -o build/lib.linux-armv7l-2.7/grp.so
building 'spwd' extension
gcc -pthread -fPIC -fno-strict-aliasing -g -O2 -DNDEBUG -g -fwrapv -O3 -Wall -Wstrict-prototypes -I. -IInclude -I./Include -I/usr/include/arm-linux-gnueabihf -I/usr/local/include -I/home/pi/python/source/python_static/Include -I/home/pi/python/source/python_static -c /home/pi/python/source/python_static/Modules/spwdmodule.c -o build/temp.linux-armv7l-2.7/home/pi/python/source/python_static/Modules/spwdmodule.o
gcc -pthread -shared -static -static build/temp.linux-armv7l-2.7/home/pi/python/source/python_static/Modules/spwdmodule.o -L/usr/lib/arm-linux-gnueabihf -L/usr/local/lib -o build/lib.linux-armv7l-2.7/spwd.so
building 'select' extension
gcc -pthread -fPIC -fno-strict-aliasing -g -O2 -DNDEBUG -g -fwrapv -O3 -Wall -Wstrict-prototypes -I. -IInclude -I./Include -I/usr/include/arm-linux-gnueabihf -I/usr/local/include -I/home/pi/python/source/python_static/Include -I/home/pi/python/source/python_static -c /home/pi/python/source/python_static/Modules/selectmodule.c -o build/temp.linux-armv7l-2.7/home/pi/python/source/python_static/Modules/selectmodule.o
gcc -pthread -shared -static -static build/temp.linux-armv7l-2.7/home/pi/python/source/python_static/Modules/selectmodule.o -L/usr/lib/arm-linux-gnueabihf -L/usr/local/lib -o build/lib.linux-armv7l-2.7/select.so
building 'parser' extension
gcc -pthread -fPIC -fno-strict-aliasing -g -O2 -DNDEBUG -g -fwrapv -O3 -Wall -Wstrict-prototypes -I. -IInclude -I./Include -I/usr/include/arm-linux-gnueabihf -I/usr/local/include -I/home/pi/python/source/python_static/Include -I/home/pi/python/source/python_static -c /home/pi/python/source/python_static/Modules/parsermodule.c -o build/temp.linux-armv7l-2.7/home/pi/python/source/python_static/Modules/parsermodule.o
gcc -pthread -shared -static -static build/temp.linux-armv7l-2.7/home/pi/python/source/python_static/Modules/parsermodule.o -L/usr/lib/arm-linux-gnueabihf -L/usr/local/lib -o build/lib.linux-armv7l-2.7/parser.so
building 'cStringIO' extension
gcc -pthread -fPIC -fno-strict-aliasing -g -O2 -DNDEBUG -g -fwrapv -O3 -Wall -Wstrict-prototypes -I. -IInclude -I./Include -I/usr/include/arm-linux-gnueabihf -I/usr/local/include -I/home/pi/python/source/python_static/Include -I/home/pi/python/source/python_static -c /home/pi/python/source/python_static/Modules/cStringIO.c -o build/temp.linux-armv7l-2.7/home/pi/python/source/python_static/Modules/cStringIO.o
gcc -pthread -shared -static -static build/temp.linux-armv7l-2.7/home/pi/python/source/python_static/Modules/cStringIO.o -L/usr/lib/arm-linux-gnueabihf -L/usr/local/lib -o build/lib.linux-armv7l-2.7/cStringIO.so
building 'cPickle' extension
gcc -pthread -fPIC -fno-strict-aliasing -g -O2 -DNDEBUG -g -fwrapv -O3 -Wall -Wstrict-prototypes -I. -IInclude -I./Include -I/usr/include/arm-linux-gnueabihf -I/usr/local/include -I/home/pi/python/source/python_static/Include -I/home/pi/python/source/python_static -c /home/pi/python/source/python_static/Modules/cPickle.c -o build/temp.linux-armv7l-2.7/home/pi/python/source/python_static/Modules/cPickle.o
gcc -pthread -shared -static -static build/temp.linux-armv7l-2.7/home/pi/python/source/python_static/Modules/cPickle.o -L/usr/lib/arm-linux-gnueabihf -L/usr/local/lib -o build/lib.linux-armv7l-2.7/cPickle.so
building 'mmap' extension
gcc -pthread -fPIC -fno-strict-aliasing -g -O2 -DNDEBUG -g -fwrapv -O3 -Wall -Wstrict-prototypes -I. -IInclude -I./Include -I/usr/include/arm-linux-gnueabihf -I/usr/local/include -I/home/pi/python/source/python_static/Include -I/home/pi/python/source/python_static -c /home/pi/python/source/python_static/Modules/mmapmodule.c -o build/temp.linux-armv7l-2.7/home/pi/python/source/python_static/Modules/mmapmodule.o
gcc -pthread -shared -static -static build/temp.linux-armv7l-2.7/home/pi/python/source/python_static/Modules/mmapmodule.o -L/usr/lib/arm-linux-gnueabihf -L/usr/local/lib -o build/lib.linux-armv7l-2.7/mmap.so
building 'syslog' extension
gcc -pthread -fPIC -fno-strict-aliasing -g -O2 -DNDEBUG -g -fwrapv -O3 -Wall -Wstrict-prototypes -I. -IInclude -I./Include -I/usr/include/arm-linux-gnueabihf -I/usr/local/include -I/home/pi/python/source/python_static/Include -I/home/pi/python/source/python_static -c /home/pi/python/source/python_static/Modules/syslogmodule.c -o build/temp.linux-armv7l-2.7/home/pi/python/source/python_static/Modules/syslogmodule.o
gcc -pthread -shared -static -static build/temp.linux-armv7l-2.7/home/pi/python/source/python_static/Modules/syslogmodule.o -L/usr/lib/arm-linux-gnueabihf -L/usr/local/lib -o build/lib.linux-armv7l-2.7/syslog.so
building 'audioop' extension
gcc -pthread -fPIC -fno-strict-aliasing -g -O2 -DNDEBUG -g -fwrapv -O3 -Wall -Wstrict-prototypes -I. -IInclude -I./Include -I/usr/include/arm-linux-gnueabihf -I/usr/local/include -I/home/pi/python/source/python_static/Include -I/home/pi/python/source/python_static -c /home/pi/python/source/python_static/Modules/audioop.c -o build/temp.linux-armv7l-2.7/home/pi/python/source/python_static/Modules/audioop.o
gcc -pthread -shared -static -static build/temp.linux-armv7l-2.7/home/pi/python/source/python_static/Modules/audioop.o -L/usr/lib/arm-linux-gnueabihf -L/usr/local/lib -o build/lib.linux-armv7l-2.7/audioop.so
building 'imageop' extension
gcc -pthread -fPIC -fno-strict-aliasing -g -O2 -DNDEBUG -g -fwrapv -O3 -Wall -Wstrict-prototypes -I. -IInclude -I./Include -I/usr/include/arm-linux-gnueabihf -I/usr/local/include -I/home/pi/python/source/python_static/Include -I/home/pi/python/source/python_static -c /home/pi/python/source/python_static/Modules/imageop.c -o build/temp.linux-armv7l-2.7/home/pi/python/source/python_static/Modules/imageop.o
gcc -pthread -shared -static -static build/temp.linux-armv7l-2.7/home/pi/python/source/python_static/Modules/imageop.o -L/usr/lib/arm-linux-gnueabihf -L/usr/local/lib -o build/lib.linux-armv7l-2.7/imageop.so
building 'crypt' extension
gcc -pthread -fPIC -fno-strict-aliasing -g -O2 -DNDEBUG -g -fwrapv -O3 -Wall -Wstrict-prototypes -I. -IInclude -I./Include -I/usr/include/arm-linux-gnueabihf -I/usr/local/include -I/home/pi/python/source/python_static/Include -I/home/pi/python/source/python_static -c /home/pi/python/source/python_static/Modules/cryptmodule.c -o build/temp.linux-armv7l-2.7/home/pi/python/source/python_static/Modules/cryptmodule.o
gcc -pthread -shared -static -static build/temp.linux-armv7l-2.7/home/pi/python/source/python_static/Modules/cryptmodule.o -L/usr/lib/arm-linux-gnueabihf -L/usr/local/lib -lcrypt -o build/lib.linux-armv7l-2.7/crypt.so
building '_csv' extension
gcc -pthread -fPIC -fno-strict-aliasing -g -O2 -DNDEBUG -g -fwrapv -O3 -Wall -Wstrict-prototypes -I. -IInclude -I./Include -I/usr/include/arm-linux-gnueabihf -I/usr/local/include -I/home/pi/python/source/python_static/Include -I/home/pi/python/source/python_static -c /home/pi/python/source/python_static/Modules/_csv.c -o build/temp.linux-armv7l-2.7/home/pi/python/source/python_static/Modules/_csv.o
gcc -pthread -shared -static -static build/temp.linux-armv7l-2.7/home/pi/python/source/python_static/Modules/_csv.o -L/usr/lib/arm-linux-gnueabihf -L/usr/local/lib -o build/lib.linux-armv7l-2.7/_csv.so
building '_socket' extension
gcc -pthread -fPIC -fno-strict-aliasing -g -O2 -DNDEBUG -g -fwrapv -O3 -Wall -Wstrict-prototypes -I. -IInclude -I./Include -I/usr/include/arm-linux-gnueabihf -I/usr/local/include -I/home/pi/python/source/python_static/Include -I/home/pi/python/source/python_static -c /home/pi/python/source/python_static/Modules/socketmodule.c -o build/temp.linux-armv7l-2.7/home/pi/python/source/python_static/Modules/socketmodule.o
gcc -pthread -fPIC -fno-strict-aliasing -g -O2 -DNDEBUG -g -fwrapv -O3 -Wall -Wstrict-prototypes -I. -IInclude -I./Include -I/usr/include/arm-linux-gnueabihf -I/usr/local/include -I/home/pi/python/source/python_static/Include -I/home/pi/python/source/python_static -c /home/pi/python/source/python_static/Modules/timemodule.c -o build/temp.linux-armv7l-2.7/home/pi/python/source/python_static/Modules/timemodule.o
gcc -pthread -shared -static -static build/temp.linux-armv7l-2.7/home/pi/python/source/python_static/Modules/socketmodule.o build/temp.linux-armv7l-2.7/home/pi/python/source/python_static/Modules/timemodule.o -L/usr/lib/arm-linux-gnueabihf -L/usr/local/lib -lm -o build/lib.linux-armv7l-2.7/_socket.so
building '_ssl' extension
gcc -pthread -fPIC -fno-strict-aliasing -g -O2 -DNDEBUG -g -fwrapv -O3 -Wall -Wstrict-prototypes -I. -IInclude -I./Include -I/usr/include/arm-linux-gnueabihf -I/usr/local/include -I/home/pi/python/source/python_static/Include -I/home/pi/python/source/python_static -c /home/pi/python/source/python_static/Modules/_ssl.c -o build/temp.linux-armv7l-2.7/home/pi/python/source/python_static/Modules/_ssl.o
gcc -pthread -shared -static -static build/temp.linux-armv7l-2.7/home/pi/python/source/python_static/Modules/_ssl.o -L/usr/lib/arm-linux-gnueabihf -L/usr/local/lib -lssl -lcrypto -o build/lib.linux-armv7l-2.7/_ssl.so
building '_hashlib' extension
gcc -pthread -fPIC -fno-strict-aliasing -g -O2 -DNDEBUG -g -fwrapv -O3 -Wall -Wstrict-prototypes -I. -IInclude -I./Include -I/usr/include/arm-linux-gnueabihf -I/usr/local/include -I/home/pi/python/source/python_static/Include -I/home/pi/python/source/python_static -c /home/pi/python/source/python_static/Modules/_hashopenssl.c -o build/temp.linux-armv7l-2.7/home/pi/python/source/python_static/Modules/_hashopenssl.o
gcc -pthread -shared -static -static build/temp.linux-armv7l-2.7/home/pi/python/source/python_static/Modules/_hashopenssl.o -L/usr/lib/arm-linux-gnueabihf -L/usr/local/lib -lssl -lcrypto -o build/lib.linux-armv7l-2.7/_hashlib.so
building '_sqlite3' extension
gcc -pthread -fPIC -fno-strict-aliasing -g -O2 -DNDEBUG -g -fwrapv -O3 -Wall -Wstrict-prototypes -DMODULE_NAME="sqlite3" -DSQLITE_OMIT_LOAD_EXTENSION=1 -IModules/_sqlite -I/usr/include -I. -IInclude -I./Include -I/usr/include/arm-linux-gnueabihf -I/usr/local/include -I/home/pi/python/source/python_static/Include -I/home/pi/python/source/python_static -c /home/pi/python/source/python_static/Modules/_sqlite/cache.c -o build/temp.linux-armv7l-2.7/home/pi/python/source/python_static/Modules/_sqlite/cache.o
gcc -pthread -fPIC -fno-strict-aliasing -g -O2 -DNDEBUG -g -fwrapv -O3 -Wall -Wstrict-prototypes -DMODULE_NAME="sqlite3" -DSQLITE_OMIT_LOAD_EXTENSION=1 -IModules/_sqlite -I/usr/include -I. -IInclude -I./Include -I/usr/include/arm-linux-gnueabihf -I/usr/local/include -I/home/pi/python/source/python_static/Include -I/home/pi/python/source/python_static -c /home/pi/python/source/python_static/Modules/_sqlite/connection.c -o build/temp.linux-armv7l-2.7/home/pi/python/source/python_static/Modules/_sqlite/connection.o
gcc -pthread -fPIC -fno-strict-aliasing -g -O2 -DNDEBUG -g -fwrapv -O3 -Wall -Wstrict-prototypes -DMODULE_NAME="sqlite3" -DSQLITE_OMIT_LOAD_EXTENSION=1 -IModules/_sqlite -I/usr/include -I. -IInclude -I./Include -I/usr/include/arm-linux-gnueabihf -I/usr/local/include -I/home/pi/python/source/python_static/Include -I/home/pi/python/source/python_static -c /home/pi/python/source/python_static/Modules/_sqlite/cursor.c -o build/temp.linux-armv7l-2.7/home/pi/python/source/python_static/Modules/_sqlite/cursor.o
gcc -pthread -fPIC -fno-strict-aliasing -g -O2 -DNDEBUG -g -fwrapv -O3 -Wall -Wstrict-prototypes -DMODULE_NAME="sqlite3" -DSQLITE_OMIT_LOAD_EXTENSION=1 -IModules/_sqlite -I/usr/include -I. -IInclude -I./Include -I/usr/include/arm-linux-gnueabihf -I/usr/local/include -I/home/pi/python/source/python_static/Include -I/home/pi/python/source/python_static -c /home/pi/python/source/python_static/Modules/_sqlite/microprotocols.c -o build/temp.linux-armv7l-2.7/home/pi/python/source/python_static/Modules/_sqlite/microprotocols.o
gcc -pthread -fPIC -fno-strict-aliasing -g -O2 -DNDEBUG -g -fwrapv -O3 -Wall -Wstrict-prototypes -DMODULE_NAME="sqlite3" -DSQLITE_OMIT_LOAD_EXTENSION=1 -IModules/_sqlite -I/usr/include -I. -IInclude -I./Include -I/usr/include/arm-linux-gnueabihf -I/usr/local/include -I/home/pi/python/source/python_static/Include -I/home/pi/python/source/python_static -c /home/pi/python/source/python_static/Modules/_sqlite/module.c -o build/temp.linux-armv7l-2.7/home/pi/python/source/python_static/Modules/_sqlite/module.o
gcc -pthread -fPIC -fno-strict-aliasing -g -O2 -DNDEBUG -g -fwrapv -O3 -Wall -Wstrict-prototypes -DMODULE_NAME="sqlite3" -DSQLITE_OMIT_LOAD_EXTENSION=1 -IModules/_sqlite -I/usr/include -I. -IInclude -I./Include -I/usr/include/arm-linux-gnueabihf -I/usr/local/include -I/home/pi/python/source/python_static/Include -I/home/pi/python/source/python_static -c /home/pi/python/source/python_static/Modules/_sqlite/prepare_protocol.c -o build/temp.linux-armv7l-2.7/home/pi/python/source/python_static/Modules/_sqlite/prepare_protocol.o
gcc -pthread -fPIC -fno-strict-aliasing -g -O2 -DNDEBUG -g -fwrapv -O3 -Wall -Wstrict-prototypes -DMODULE_NAME="sqlite3" -DSQLITE_OMIT_LOAD_EXTENSION=1 -IModules/_sqlite -I/usr/include -I. -IInclude -I./Include -I/usr/include/arm-linux-gnueabihf -I/usr/local/include -I/home/pi/python/source/python_static/Include -I/home/pi/python/source/python_static -c /home/pi/python/source/python_static/Modules/_sqlite/row.c -o build/temp.linux-armv7l-2.7/home/pi/python/source/python_static/Modules/_sqlite/row.o
gcc -pthread -fPIC -fno-strict-aliasing -g -O2 -DNDEBUG -g -fwrapv -O3 -Wall -Wstrict-prototypes -DMODULE_NAME="sqlite3" -DSQLITE_OMIT_LOAD_EXTENSION=1 -IModules/_sqlite -I/usr/include -I. -IInclude -I./Include -I/usr/include/arm-linux-gnueabihf -I/usr/local/include -I/home/pi/python/source/python_static/Include -I/home/pi/python/source/python_static -c /home/pi/python/source/python_static/Modules/_sqlite/statement.c -o build/temp.linux-armv7l-2.7/home/pi/python/source/python_static/Modules/_sqlite/statement.o
gcc -pthread -fPIC -fno-strict-aliasing -g -O2 -DNDEBUG -g -fwrapv -O3 -Wall -Wstrict-prototypes -DMODULE_NAME="sqlite3" -DSQLITE_OMIT_LOAD_EXTENSION=1 -IModules/_sqlite -I/usr/include -I. -IInclude -I./Include -I/usr/include/arm-linux-gnueabihf -I/usr/local/include -I/home/pi/python/source/python_static/Include -I/home/pi/python/source/python_static -c /home/pi/python/source/python_static/Modules/_sqlite/util.c -o build/temp.linux-armv7l-2.7/home/pi/python/source/python_static/Modules/_sqlite/util.o
gcc -pthread -shared -static -static build/temp.linux-armv7l-2.7/home/pi/python/source/python_static/Modules/_sqlite/cache.o build/temp.linux-armv7l-2.7/home/pi/python/source/python_static/Modules/_sqlite/connection.o build/temp.linux-armv7l-2.7/home/pi/python/source/python_static/Modules/_sqlite/cursor.o build/temp.linux-armv7l-2.7/home/pi/python/source/python_static/Modules/_sqlite/microprotocols.o build/temp.linux-armv7l-2.7/home/pi/python/source/python_static/Modules/_sqlite/module.o build/temp.linux-armv7l-2.7/home/pi/python/source/python_static/Modules/_sqlite/prepare_protocol.o build/temp.linux-armv7l-2.7/home/pi/python/source/python_static/Modules/_sqlite/row.o build/temp.linux-armv7l-2.7/home/pi/python/source/python_static/Modules/_sqlite/statement.o build/temp.linux-armv7l-2.7/home/pi/python/source/python_static/Modules/_sqlite/util.o -L/usr/lib/arm-linux-gnueabihf -L/usr/lib/arm-linux-gnueabihf -L/usr/local/lib -lsqlite3 -o build/lib.linux-armv7l-2.7/_sqlite3.so
building 'termios' extension
gcc -pthread -fPIC -fno-strict-aliasing -g -O2 -DNDEBUG -g -fwrapv -O3 -Wall -Wstrict-prototypes -I. -IInclude -I./Include -I/usr/include/arm-linux-gnueabihf -I/usr/local/include -I/home/pi/python/source/python_static/Include -I/home/pi/python/source/python_static -c /home/pi/python/source/python_static/Modules/termios.c -o build/temp.linux-armv7l-2.7/home/pi/python/source/python_static/Modules/termios.o
gcc -pthread -shared -static -static build/temp.linux-armv7l-2.7/home/pi/python/source/python_static/Modules/termios.o -L/usr/lib/arm-linux-gnueabihf -L/usr/local/lib -o build/lib.linux-armv7l-2.7/termios.so
building 'resource' extension
gcc -pthread -fPIC -fno-strict-aliasing -g -O2 -DNDEBUG -g -fwrapv -O3 -Wall -Wstrict-prototypes -I. -IInclude -I./Include -I/usr/include/arm-linux-gnueabihf -I/usr/local/include -I/home/pi/python/source/python_static/Include -I/home/pi/python/source/python_static -c /home/pi/python/source/python_static/Modules/resource.c -o build/temp.linux-armv7l-2.7/home/pi/python/source/python_static/Modules/resource.o
gcc -pthread -shared -static -static build/temp.linux-armv7l-2.7/home/pi/python/source/python_static/Modules/resource.o -L/usr/lib/arm-linux-gnueabihf -L/usr/local/lib -o build/lib.linux-armv7l-2.7/resource.so
building 'nis' extension
gcc -pthread -fPIC -fno-strict-aliasing -g -O2 -DNDEBUG -g -fwrapv -O3 -Wall -Wstrict-prototypes -I. -IInclude -I./Include -I/usr/include/arm-linux-gnueabihf -I/usr/local/include -I/home/pi/python/source/python_static/Include -I/home/pi/python/source/python_static -c /home/pi/python/source/python_static/Modules/nismodule.c -o build/temp.linux-armv7l-2.7/home/pi/python/source/python_static/Modules/nismodule.o
gcc -pthread -shared -static -static build/temp.linux-armv7l-2.7/home/pi/python/source/python_static/Modules/nismodule.o -L/usr/lib/arm-linux-gnueabihf -L/usr/local/lib -lnsl -o build/lib.linux-armv7l-2.7/nis.so
building 'zlib' extension
gcc -pthread -fPIC -fno-strict-aliasing -g -O2 -DNDEBUG -g -fwrapv -O3 -Wall -Wstrict-prototypes -I. -IInclude -I./Include -I/usr/include/arm-linux-gnueabihf -I/usr/local/include -I/home/pi/python/source/python_static/Include -I/home/pi/python/source/python_static -c /home/pi/python/source/python_static/Modules/zlibmodule.c -o build/temp.linux-armv7l-2.7/home/pi/python/source/python_static/Modules/zlibmodule.o
gcc -pthread -shared -static -static build/temp.linux-armv7l-2.7/home/pi/python/source/python_static/Modules/zlibmodule.o -L/usr/lib/arm-linux-gnueabihf -L/usr/local/lib -lz -o build/lib.linux-armv7l-2.7/zlib.so
building 'binascii' extension
gcc -pthread -fPIC -fno-strict-aliasing -g -O2 -DNDEBUG -g -fwrapv -O3 -Wall -Wstrict-prototypes -I. -IInclude -I./Include -I/usr/include/arm-linux-gnueabihf -I/usr/local/include -I/home/pi/python/source/python_static/Include -I/home/pi/python/source/python_static -c /home/pi/python/source/python_static/Modules/binascii.c -o build/temp.linux-armv7l-2.7/home/pi/python/source/python_static/Modules/binascii.o -DUSE_ZLIB_CRC32
gcc -pthread -shared -static -static build/temp.linux-armv7l-2.7/home/pi/python/source/python_static/Modules/binascii.o -L/usr/lib/arm-linux-gnueabihf -L/usr/local/lib -lz -o build/lib.linux-armv7l-2.7/binascii.so
building 'pyexpat' extension
gcc -pthread -fPIC -fno-strict-aliasing -g -O2 -DNDEBUG -g -fwrapv -O3 -Wall -Wstrict-prototypes -DHAVE_EXPAT_CONFIG_H=1 -DXML_POOR_ENTROPY=1 -DUSE_PYEXPAT_CAPI -I/home/pi/python/source/python_static/./Modules/expat -I. -IInclude -I./Include -I/usr/include/arm-linux-gnueabihf -I/usr/local/include -I/home/pi/python/source/python_static/Include -I/home/pi/python/source/python_static -c /home/pi/python/source/python_static/Modules/pyexpat.c -o build/temp.linux-armv7l-2.7/home/pi/python/source/python_static/Modules/pyexpat.o
gcc -pthread -fPIC -fno-strict-aliasing -g -O2 -DNDEBUG -g -fwrapv -O3 -Wall -Wstrict-prototypes -DHAVE_EXPAT_CONFIG_H=1 -DXML_POOR_ENTROPY=1 -DUSE_PYEXPAT_CAPI -I/home/pi/python/source/python_static/./Modules/expat -I. -IInclude -I./Include -I/usr/include/arm-linux-gnueabihf -I/usr/local/include -I/home/pi/python/source/python_static/Include -I/home/pi/python/source/python_static -c /home/pi/python/source/python_static/Modules/expat/xmlparse.c -o build/temp.linux-armv7l-2.7/home/pi/python/source/python_static/Modules/expat/xmlparse.o
gcc -pthread -fPIC -fno-strict-aliasing -g -O2 -DNDEBUG -g -fwrapv -O3 -Wall -Wstrict-prototypes -DHAVE_EXPAT_CONFIG_H=1 -DXML_POOR_ENTROPY=1 -DUSE_PYEXPAT_CAPI -I/home/pi/python/source/python_static/./Modules/expat -I. -IInclude -I./Include -I/usr/include/arm-linux-gnueabihf -I/usr/local/include -I/home/pi/python/source/python_static/Include -I/home/pi/python/source/python_static -c /home/pi/python/source/python_static/Modules/expat/xmlrole.c -o build/temp.linux-armv7l-2.7/home/pi/python/source/python_static/Modules/expat/xmlrole.o
gcc -pthread -fPIC -fno-strict-aliasing -g -O2 -DNDEBUG -g -fwrapv -O3 -Wall -Wstrict-prototypes -DHAVE_EXPAT_CONFIG_H=1 -DXML_POOR_ENTROPY=1 -DUSE_PYEXPAT_CAPI -I/home/pi/python/source/python_static/./Modules/expat -I. -IInclude -I./Include -I/usr/include/arm-linux-gnueabihf -I/usr/local/include -I/home/pi/python/source/python_static/Include -I/home/pi/python/source/python_static -c /home/pi/python/source/python_static/Modules/expat/xmltok.c -o build/temp.linux-armv7l-2.7/home/pi/python/source/python_static/Modules/expat/xmltok.o
gcc -pthread -shared -static -static build/temp.linux-armv7l-2.7/home/pi/python/source/python_static/Modules/pyexpat.o build/temp.linux-armv7l-2.7/home/pi/python/source/python_static/Modules/expat/xmlparse.o build/temp.linux-armv7l-2.7/home/pi/python/source/python_static/Modules/expat/xmlrole.o build/temp.linux-armv7l-2.7/home/pi/python/source/python_static/Modules/expat/xmltok.o -L/usr/lib/arm-linux-gnueabihf -L/usr/local/lib -o build/lib.linux-armv7l-2.7/pyexpat.so
building '_elementtree' extension
gcc -pthread -fPIC -fno-strict-aliasing -g -O2 -DNDEBUG -g -fwrapv -O3 -Wall -Wstrict-prototypes -DHAVE_EXPAT_CONFIG_H=1 -DXML_POOR_ENTROPY=1 -DUSE_PYEXPAT_CAPI -I/home/pi/python/source/python_static/./Modules/expat -I. -IInclude -I./Include -I/usr/include/arm-linux-gnueabihf -I/usr/local/include -I/home/pi/python/source/python_static/Include -I/home/pi/python/source/python_static -c /home/pi/python/source/python_static/Modules/_elementtree.c -o build/temp.linux-armv7l-2.7/home/pi/python/source/python_static/Modules/_elementtree.o
gcc -pthread -shared -static -static build/temp.linux-armv7l-2.7/home/pi/python/source/python_static/Modules/_elementtree.o -L/usr/lib/arm-linux-gnueabihf -L/usr/local/lib -o build/lib.linux-armv7l-2.7/_elementtree.so
building '_multibytecodec' extension
gcc -pthread -fPIC -fno-strict-aliasing -g -O2 -DNDEBUG -g -fwrapv -O3 -Wall -Wstrict-prototypes -I. -IInclude -I./Include -I/usr/include/arm-linux-gnueabihf -I/usr/local/include -I/home/pi/python/source/python_static/Include -I/home/pi/python/source/python_static -c /home/pi/python/source/python_static/Modules/cjkcodecs/multibytecodec.c -o build/temp.linux-armv7l-2.7/home/pi/python/source/python_static/Modules/cjkcodecs/multibytecodec.o
gcc -pthread -shared -static -static build/temp.linux-armv7l-2.7/home/pi/python/source/python_static/Modules/cjkcodecs/multibytecodec.o -L/usr/lib/arm-linux-gnueabihf -L/usr/local/lib -o build/lib.linux-armv7l-2.7/_multibytecodec.so
building '_codecs_kr' extension
gcc -pthread -fPIC -fno-strict-aliasing -g -O2 -DNDEBUG -g -fwrapv -O3 -Wall -Wstrict-prototypes -I. -IInclude -I./Include -I/usr/include/arm-linux-gnueabihf -I/usr/local/include -I/home/pi/python/source/python_static/Include -I/home/pi/python/source/python_static -c /home/pi/python/source/python_static/Modules/cjkcodecs/_codecs_kr.c -o build/temp.linux-armv7l-2.7/home/pi/python/source/python_static/Modules/cjkcodecs/_codecs_kr.o
gcc -pthread -shared -static -static build/temp.linux-armv7l-2.7/home/pi/python/source/python_static/Modules/cjkcodecs/_codecs_kr.o -L/usr/lib/arm-linux-gnueabihf -L/usr/local/lib -o build/lib.linux-armv7l-2.7/_codecs_kr.so
building '_codecs_jp' extension
gcc -pthread -fPIC -fno-strict-aliasing -g -O2 -DNDEBUG -g -fwrapv -O3 -Wall -Wstrict-prototypes -I. -IInclude -I./Include -I/usr/include/arm-linux-gnueabihf -I/usr/local/include -I/home/pi/python/source/python_static/Include -I/home/pi/python/source/python_static -c /home/pi/python/source/python_static/Modules/cjkcodecs/_codecs_jp.c -o build/temp.linux-armv7l-2.7/home/pi/python/source/python_static/Modules/cjkcodecs/_codecs_jp.o
gcc -pthread -shared -static -static build/temp.linux-armv7l-2.7/home/pi/python/source/python_static/Modules/cjkcodecs/_codecs_jp.o -L/usr/lib/arm-linux-gnueabihf -L/usr/local/lib -o build/lib.linux-armv7l-2.7/_codecs_jp.so
building '_codecs_cn' extension
gcc -pthread -fPIC -fno-strict-aliasing -g -O2 -DNDEBUG -g -fwrapv -O3 -Wall -Wstrict-prototypes -I. -IInclude -I./Include -I/usr/include/arm-linux-gnueabihf -I/usr/local/include -I/home/pi/python/source/python_static/Include -I/home/pi/python/source/python_static -c /home/pi/python/source/python_static/Modules/cjkcodecs/_codecs_cn.c -o build/temp.linux-armv7l-2.7/home/pi/python/source/python_static/Modules/cjkcodecs/_codecs_cn.o
gcc -pthread -shared -static -static build/temp.linux-armv7l-2.7/home/pi/python/source/python_static/Modules/cjkcodecs/_codecs_cn.o -L/usr/lib/arm-linux-gnueabihf -L/usr/local/lib -o build/lib.linux-armv7l-2.7/_codecs_cn.so
building '_codecs_tw' extension
gcc -pthread -fPIC -fno-strict-aliasing -g -O2 -DNDEBUG -g -fwrapv -O3 -Wall -Wstrict-prototypes -I. -IInclude -I./Include -I/usr/include/arm-linux-gnueabihf -I/usr/local/include -I/home/pi/python/source/python_static/Include -I/home/pi/python/source/python_static -c /home/pi/python/source/python_static/Modules/cjkcodecs/_codecs_tw.c -o build/temp.linux-armv7l-2.7/home/pi/python/source/python_static/Modules/cjkcodecs/_codecs_tw.o
gcc -pthread -shared -static -static build/temp.linux-armv7l-2.7/home/pi/python/source/python_static/Modules/cjkcodecs/_codecs_tw.o -L/usr/lib/arm-linux-gnueabihf -L/usr/local/lib -o build/lib.linux-armv7l-2.7/_codecs_tw.so
building '_codecs_hk' extension
gcc -pthread -fPIC -fno-strict-aliasing -g -O2 -DNDEBUG -g -fwrapv -O3 -Wall -Wstrict-prototypes -I. -IInclude -I./Include -I/usr/include/arm-linux-gnueabihf -I/usr/local/include -I/home/pi/python/source/python_static/Include -I/home/pi/python/source/python_static -c /home/pi/python/source/python_static/Modules/cjkcodecs/_codecs_hk.c -o build/temp.linux-armv7l-2.7/home/pi/python/source/python_static/Modules/cjkcodecs/_codecs_hk.o
gcc -pthread -shared -static -static build/temp.linux-armv7l-2.7/home/pi/python/source/python_static/Modules/cjkcodecs/_codecs_hk.o -L/usr/lib/arm-linux-gnueabihf -L/usr/local/lib -o build/lib.linux-armv7l-2.7/_codecs_hk.so
building '_codecs_iso2022' extension
gcc -pthread -fPIC -fno-strict-aliasing -g -O2 -DNDEBUG -g -fwrapv -O3 -Wall -Wstrict-prototypes -I. -IInclude -I./Include -I/usr/include/arm-linux-gnueabihf -I/usr/local/include -I/home/pi/python/source/python_static/Include -I/home/pi/python/source/python_static -c /home/pi/python/source/python_static/Modules/cjkcodecs/_codecs_iso2022.c -o build/temp.linux-armv7l-2.7/home/pi/python/source/python_static/Modules/cjkcodecs/_codecs_iso2022.o
gcc -pthread -shared -static -static build/temp.linux-armv7l-2.7/home/pi/python/source/python_static/Modules/cjkcodecs/_codecs_iso2022.o -L/usr/lib/arm-linux-gnueabihf -L/usr/local/lib -o build/lib.linux-armv7l-2.7/_codecs_iso2022.so
building 'dl' extension
gcc -pthread -fPIC -fno-strict-aliasing -g -O2 -DNDEBUG -g -fwrapv -O3 -Wall -Wstrict-prototypes -I. -IInclude -I./Include -I/usr/include/arm-linux-gnueabihf -I/usr/local/include -I/home/pi/python/source/python_static/Include -I/home/pi/python/source/python_static -c /home/pi/python/source/python_static/Modules/dlmodule.c -o build/temp.linux-armv7l-2.7/home/pi/python/source/python_static/Modules/dlmodule.o
gcc -pthread -shared -static -static build/temp.linux-armv7l-2.7/home/pi/python/source/python_static/Modules/dlmodule.o -L/usr/lib/arm-linux-gnueabihf -L/usr/local/lib -o build/lib.linux-armv7l-2.7/dl.so
building '_multiprocessing' extension
gcc -pthread -fPIC -fno-strict-aliasing -g -O2 -DNDEBUG -g -fwrapv -O3 -Wall -Wstrict-prototypes -IModules/_multiprocessing -I. -IInclude -I./Include -I/usr/include/arm-linux-gnueabihf -I/usr/local/include -I/home/pi/python/source/python_static/Include -I/home/pi/python/source/python_static -c /home/pi/python/source/python_static/Modules/_multiprocessing/multiprocessing.c -o build/temp.linux-armv7l-2.7/home/pi/python/source/python_static/Modules/_multiprocessing/multiprocessing.o
gcc -pthread -fPIC -fno-strict-aliasing -g -O2 -DNDEBUG -g -fwrapv -O3 -Wall -Wstrict-prototypes -IModules/_multiprocessing -I. -IInclude -I./Include -I/usr/include/arm-linux-gnueabihf -I/usr/local/include -I/home/pi/python/source/python_static/Include -I/home/pi/python/source/python_static -c /home/pi/python/source/python_static/Modules/_multiprocessing/socket_connection.c -o build/temp.linux-armv7l-2.7/home/pi/python/source/python_static/Modules/_multiprocessing/socket_connection.o
gcc -pthread -fPIC -fno-strict-aliasing -g -O2 -DNDEBUG -g -fwrapv -O3 -Wall -Wstrict-prototypes -IModules/_multiprocessing -I. -IInclude -I./Include -I/usr/include/arm-linux-gnueabihf -I/usr/local/include -I/home/pi/python/source/python_static/Include -I/home/pi/python/source/python_static -c /home/pi/python/source/python_static/Modules/_multiprocessing/semaphore.c -o build/temp.linux-armv7l-2.7/home/pi/python/source/python_static/Modules/_multiprocessing/semaphore.o
gcc -pthread -shared -static -static build/temp.linux-armv7l-2.7/home/pi/python/source/python_static/Modules/_multiprocessing/multiprocessing.o build/temp.linux-armv7l-2.7/home/pi/python/source/python_static/Modules/_multiprocessing/socket_connection.o build/temp.linux-armv7l-2.7/home/pi/python/source/python_static/Modules/_multiprocessing/semaphore.o -L/usr/lib/arm-linux-gnueabihf -L/usr/local/lib -o build/lib.linux-armv7l-2.7/_multiprocessing.so
building 'linuxaudiodev' extension
gcc -pthread -fPIC -fno-strict-aliasing -g -O2 -DNDEBUG -g -fwrapv -O3 -Wall -Wstrict-prototypes -I. -IInclude -I./Include -I/usr/include/arm-linux-gnueabihf -I/usr/local/include -I/home/pi/python/source/python_static/Include -I/home/pi/python/source/python_static -c /home/pi/python/source/python_static/Modules/linuxaudiodev.c -o build/temp.linux-armv7l-2.7/home/pi/python/source/python_static/Modules/linuxaudiodev.o
gcc -pthread -shared -static -static build/temp.linux-armv7l-2.7/home/pi/python/source/python_static/Modules/linuxaudiodev.o -L/usr/lib/arm-linux-gnueabihf -L/usr/local/lib -o build/lib.linux-armv7l-2.7/linuxaudiodev.so
building 'ossaudiodev' extension
gcc -pthread -fPIC -fno-strict-aliasing -g -O2 -DNDEBUG -g -fwrapv -O3 -Wall -Wstrict-prototypes -I. -IInclude -I./Include -I/usr/include/arm-linux-gnueabihf -I/usr/local/include -I/home/pi/python/source/python_static/Include -I/home/pi/python/source/python_static -c /home/pi/python/source/python_static/Modules/ossaudiodev.c -o build/temp.linux-armv7l-2.7/home/pi/python/source/python_static/Modules/ossaudiodev.o
gcc -pthread -shared -static -static build/temp.linux-armv7l-2.7/home/pi/python/source/python_static/Modules/ossaudiodev.o -L/usr/lib/arm-linux-gnueabihf -L/usr/local/lib -o build/lib.linux-armv7l-2.7/ossaudiodev.so
checking build system type... armv7l-unknown-linux-gnueabihf
checking host system type... armv7l-unknown-linux-gnueabihf
checking target system type... armv7l-unknown-linux-gnueabihf
checking for gsed... sed
checking for a BSD-compatible install... /usr/bin/install -c
checking whether build environment is sane... yes
checking for a thread-safe mkdir -p... /bin/mkdir -p
checking for gawk... no
checking for mawk... mawk
checking whether make sets $(MAKE)... yes
checking whether make supports nested variables... yes
checking for gcc... gcc -pthread
checking whether the C compiler works... yes
checking for C compiler default output file name... a.out
checking for suffix of executables... 
checking whether we are cross compiling... no
checking for suffix of object files... o
checking whether we are using the GNU C compiler... yes
checking whether gcc -pthread accepts -g... yes
checking for gcc -pthread option to accept ISO C89... none needed
checking for style of include used by make... GNU
checking dependency style of gcc -pthread... gcc3
checking for g++... g++
checking whether we are using the GNU C++ compiler... yes
checking whether g++ accepts -g... yes
checking dependency style of g++... gcc3
checking dependency style of gcc -pthread... gcc3
checking whether gcc -pthread and cc understand -c and -o together... yes
checking how to print strings... printf
checking for a sed that does not truncate output... /bin/sed
checking for grep that handles long lines and -e... /bin/grep
checking for egrep... /bin/grep -E
checking for fgrep... /bin/grep -F
checking for ld used by gcc -pthread... /usr/bin/ld
checking if the linker (/usr/bin/ld) is GNU ld... yes
checking for BSD- or MS-compatible name lister (nm)... /usr/bin/nm -B
checking the name lister (/usr/bin/nm -B) interface... BSD nm
checking whether ln -s works... yes
checking the maximum length of command line arguments... 1572864
checking how to convert armv7l-unknown-linux-gnueabihf file names to armv7l-unknown-linux-gnueabihf format... func_convert_file_noop
checking how to convert armv7l-unknown-linux-gnueabihf file names to toolchain format... func_convert_file_noop
checking for /usr/bin/ld option to reload object files... -r
checking for objdump... objdump
checking how to recognize dependent libraries... pass_all
checking for dlltool... no
checking how to associate runtime and link libraries... printf %s\n
checking for ar... ar
checking for archiver @FILE support... @
checking for strip... strip
checking for ranlib... ranlib
checking command to parse /usr/bin/nm -B output from gcc -pthread object... ok
checking for sysroot... no
checking for mt... mt
checking if mt is a manifest tool... no
checking how to run the C preprocessor... gcc -pthread -E
checking for ANSI C header files... yes
checking for sys/types.h... yes
checking for sys/stat.h... yes
checking for stdlib.h... yes
checking for string.h... yes
checking for memory.h... yes
checking for strings.h... yes
checking for inttypes.h... yes
checking for stdint.h... yes
checking for unistd.h... yes
checking for dlfcn.h... yes
checking for objdir... .libs
checking if gcc -pthread supports -fno-rtti -fno-exceptions... no
checking for gcc -pthread option to produce PIC... -fPIC -DPIC
checking if gcc -pthread PIC flag -fPIC -DPIC works... yes
checking if gcc -pthread static flag -static works... yes
checking if gcc -pthread supports -c -o file.o... yes
checking if gcc -pthread supports -c -o file.o... (cached) yes
checking whether the gcc -pthread linker (/usr/bin/ld) supports shared libraries... yes
checking whether -lc should be explicitly linked in... no
checking dynamic linker characteristics... GNU/Linux ld.so
checking how to hardcode library paths into programs... immediate
checking whether stripping libraries is possible... yes
checking if libtool supports shared libraries... yes
checking whether to build shared libraries... yes
checking whether to build static libraries... yes
checking how to run the C++ preprocessor... g++ -E
checking for ld used by g++... /usr/bin/ld
checking if the linker (/usr/bin/ld) is GNU ld... yes
checking whether the g++ linker (/usr/bin/ld) supports shared libraries... yes
checking for g++ option to produce PIC... -fPIC -DPIC
checking if g++ PIC flag -fPIC -DPIC works... yes
checking if g++ static flag -static works... yes
checking if g++ supports -c -o file.o... yes
checking if g++ supports -c -o file.o... (cached) yes
checking whether the g++ linker (/usr/bin/ld) supports shared libraries... yes
checking dynamic linker characteristics... (cached) GNU/Linux ld.so
checking how to hardcode library paths into programs... immediate
checking size of size_t... 4
checking for C compiler vendor... gnu
checking CFLAGS for maximum warnings... -Wall
checking whether to enable maintainer-specific portions of Makefiles... no
checking sys/mman.h usability... yes
checking sys/mman.h presence... yes
checking for sys/mman.h... yes
checking for mmap... yes
checking for sys/mman.h... (cached) yes
checking for mmap... (cached) yes
checking whether read-only mmap of a plain file works... yes
checking whether mmap from /dev/zero works... yes
checking for MAP_ANON(YMOUS)... yes
checking whether mmap with MAP_ANON(YMOUS) works... yes
checking for ANSI C header files... (cached) yes
checking for memcpy... yes
checking for size_t... yes
checking for working alloca.h... yes
checking for alloca... yes
checking size of double... 8
checking size of long double... 8
checking whether byte ordering is bigendian... no
checking assembler .cfi pseudo-op support... yes
checking for _ prefix in compiled symbols... no
checking whether .eh_frame section should be read-only... no
checking for __attribute__((visibility("hidden")))... yes
checking that generated files are newer than configure... done
configure: creating ./config.status
config.status: creating include/Makefile
config.status: creating include/ffi.h
config.status: creating Makefile
config.status: creating testsuite/Makefile
config.status: creating man/Makefile
config.status: creating libffi.pc
config.status: creating fficonfig.py
config.status: creating fficonfig.h
config.status: linking /home/pi/python/source/python_static/Modules/_ctypes/libffi/src/arm/ffitarget.h to include/ffitarget.h
config.status: linking /home/pi/python/source/python_static/Modules/_ctypes/libffi/include/ffi_common.h to include/ffi_common.h
config.status: executing buildir commands
config.status: skipping top_srcdir/Makefile - not created
config.status: executing depfiles commands
config.status: executing libtool commands
config.status: executing include commands
config.status: executing src commands
building '_ctypes' extension
gcc -pthread -fPIC -fno-strict-aliasing -g -O2 -DNDEBUG -g -fwrapv -O3 -Wall -Wstrict-prototypes -Ibuild/temp.linux-armv7l-2.7/libffi/include -Ibuild/temp.linux-armv7l-2.7/libffi -I/home/pi/python/source/python_static/Modules/_ctypes/libffi/src -I. -IInclude -I./Include -I/usr/include/arm-linux-gnueabihf -I/usr/local/include -I/home/pi/python/source/python_static/Include -I/home/pi/python/source/python_static -c /home/pi/python/source/python_static/Modules/_ctypes/_ctypes.c -o build/temp.linux-armv7l-2.7/home/pi/python/source/python_static/Modules/_ctypes/_ctypes.o -Wall -fexceptions
gcc -pthread -fPIC -fno-strict-aliasing -g -O2 -DNDEBUG -g -fwrapv -O3 -Wall -Wstrict-prototypes -Ibuild/temp.linux-armv7l-2.7/libffi/include -Ibuild/temp.linux-armv7l-2.7/libffi -I/home/pi/python/source/python_static/Modules/_ctypes/libffi/src -I. -IInclude -I./Include -I/usr/include/arm-linux-gnueabihf -I/usr/local/include -I/home/pi/python/source/python_static/Include -I/home/pi/python/source/python_static -c /home/pi/python/source/python_static/Modules/_ctypes/callbacks.c -o build/temp.linux-armv7l-2.7/home/pi/python/source/python_static/Modules/_ctypes/callbacks.o -Wall -fexceptions
gcc -pthread -fPIC -fno-strict-aliasing -g -O2 -DNDEBUG -g -fwrapv -O3 -Wall -Wstrict-prototypes -Ibuild/temp.linux-armv7l-2.7/libffi/include -Ibuild/temp.linux-armv7l-2.7/libffi -I/home/pi/python/source/python_static/Modules/_ctypes/libffi/src -I. -IInclude -I./Include -I/usr/include/arm-linux-gnueabihf -I/usr/local/include -I/home/pi/python/source/python_static/Include -I/home/pi/python/source/python_static -c /home/pi/python/source/python_static/Modules/_ctypes/callproc.c -o build/temp.linux-armv7l-2.7/home/pi/python/source/python_static/Modules/_ctypes/callproc.o -Wall -fexceptions
gcc -pthread -fPIC -fno-strict-aliasing -g -O2 -DNDEBUG -g -fwrapv -O3 -Wall -Wstrict-prototypes -Ibuild/temp.linux-armv7l-2.7/libffi/include -Ibuild/temp.linux-armv7l-2.7/libffi -I/home/pi/python/source/python_static/Modules/_ctypes/libffi/src -I. -IInclude -I./Include -I/usr/include/arm-linux-gnueabihf -I/usr/local/include -I/home/pi/python/source/python_static/Include -I/home/pi/python/source/python_static -c /home/pi/python/source/python_static/Modules/_ctypes/stgdict.c -o build/temp.linux-armv7l-2.7/home/pi/python/source/python_static/Modules/_ctypes/stgdict.o -Wall -fexceptions
gcc -pthread -fPIC -fno-strict-aliasing -g -O2 -DNDEBUG -g -fwrapv -O3 -Wall -Wstrict-prototypes -Ibuild/temp.linux-armv7l-2.7/libffi/include -Ibuild/temp.linux-armv7l-2.7/libffi -I/home/pi/python/source/python_static/Modules/_ctypes/libffi/src -I. -IInclude -I./Include -I/usr/include/arm-linux-gnueabihf -I/usr/local/include -I/home/pi/python/source/python_static/Include -I/home/pi/python/source/python_static -c /home/pi/python/source/python_static/Modules/_ctypes/cfield.c -o build/temp.linux-armv7l-2.7/home/pi/python/source/python_static/Modules/_ctypes/cfield.o -Wall -fexceptions
gcc -pthread -fPIC -fno-strict-aliasing -g -O2 -DNDEBUG -g -fwrapv -O3 -Wall -Wstrict-prototypes -Ibuild/temp.linux-armv7l-2.7/libffi/include -Ibuild/temp.linux-armv7l-2.7/libffi -I/home/pi/python/source/python_static/Modules/_ctypes/libffi/src -I. -IInclude -I./Include -I/usr/include/arm-linux-gnueabihf -I/usr/local/include -I/home/pi/python/source/python_static/Include -I/home/pi/python/source/python_static -c /home/pi/python/source/python_static/Modules/_ctypes/libffi/src/prep_cif.c -o build/temp.linux-armv7l-2.7/home/pi/python/source/python_static/Modules/_ctypes/libffi/src/prep_cif.o -Wall -fexceptions
gcc -pthread -fPIC -fno-strict-aliasing -g -O2 -DNDEBUG -g -fwrapv -O3 -Wall -Wstrict-prototypes -Ibuild/temp.linux-armv7l-2.7/libffi/include -Ibuild/temp.linux-armv7l-2.7/libffi -I/home/pi/python/source/python_static/Modules/_ctypes/libffi/src -I. -IInclude -I./Include -I/usr/include/arm-linux-gnueabihf -I/usr/local/include -I/home/pi/python/source/python_static/Include -I/home/pi/python/source/python_static -c /home/pi/python/source/python_static/Modules/_ctypes/libffi/src/closures.c -o build/temp.linux-armv7l-2.7/home/pi/python/source/python_static/Modules/_ctypes/libffi/src/closures.o -Wall -fexceptions
gcc -pthread -fPIC -fno-strict-aliasing -g -O2 -DNDEBUG -g -fwrapv -O3 -Wall -Wstrict-prototypes -Ibuild/temp.linux-armv7l-2.7/libffi/include -Ibuild/temp.linux-armv7l-2.7/libffi -I/home/pi/python/source/python_static/Modules/_ctypes/libffi/src -I. -IInclude -I./Include -I/usr/include/arm-linux-gnueabihf -I/usr/local/include -I/home/pi/python/source/python_static/Include -I/home/pi/python/source/python_static -c /home/pi/python/source/python_static/Modules/_ctypes/libffi/src/arm/sysv.S -o build/temp.linux-armv7l-2.7/home/pi/python/source/python_static/Modules/_ctypes/libffi/src/arm/sysv.o -Wall -fexceptions
gcc -pthread -fPIC -fno-strict-aliasing -g -O2 -DNDEBUG -g -fwrapv -O3 -Wall -Wstrict-prototypes -Ibuild/temp.linux-armv7l-2.7/libffi/include -Ibuild/temp.linux-armv7l-2.7/libffi -I/home/pi/python/source/python_static/Modules/_ctypes/libffi/src -I. -IInclude -I./Include -I/usr/include/arm-linux-gnueabihf -I/usr/local/include -I/home/pi/python/source/python_static/Include -I/home/pi/python/source/python_static -c /home/pi/python/source/python_static/Modules/_ctypes/libffi/src/arm/ffi.c -o build/temp.linux-armv7l-2.7/home/pi/python/source/python_static/Modules/_ctypes/libffi/src/arm/ffi.o -Wall -fexceptions
gcc -pthread -shared -static -static build/temp.linux-armv7l-2.7/home/pi/python/source/python_static/Modules/_ctypes/_ctypes.o build/temp.linux-armv7l-2.7/home/pi/python/source/python_static/Modules/_ctypes/callbacks.o build/temp.linux-armv7l-2.7/home/pi/python/source/python_static/Modules/_ctypes/callproc.o build/temp.linux-armv7l-2.7/home/pi/python/source/python_static/Modules/_ctypes/stgdict.o build/temp.linux-armv7l-2.7/home/pi/python/source/python_static/Modules/_ctypes/cfield.o build/temp.linux-armv7l-2.7/home/pi/python/source/python_static/Modules/_ctypes/libffi/src/prep_cif.o build/temp.linux-armv7l-2.7/home/pi/python/source/python_static/Modules/_ctypes/libffi/src/closures.o build/temp.linux-armv7l-2.7/home/pi/python/source/python_static/Modules/_ctypes/libffi/src/arm/sysv.o build/temp.linux-armv7l-2.7/home/pi/python/source/python_static/Modules/_ctypes/libffi/src/arm/ffi.o -L/usr/lib/arm-linux-gnueabihf -L/usr/local/lib -o build/lib.linux-armv7l-2.7/_ctypes.so

Python build finished, but the necessary bits to build these modules were not found:
_bsddb             _curses            _curses_panel   
_tkinter           bsddb185           bz2             
dbm                gdbm               readline        
sunaudiodev                                           
To find the necessary bits, look in setup.py in detect_modules() for the module's name.


Failed to build these modules:
_bisect            _codecs_cn         _codecs_hk      
_codecs_iso2022    _codecs_jp         _codecs_kr      
_codecs_tw         _collections       _csv            
_ctypes            _ctypes_test       _elementtree    
_functools         _hashlib           _heapq          
_hotshot           _io                _json           
_locale            _lsprof            _multibytecodec 
_multiprocessing   _random            _socket         
_sqlite3           _ssl               _struct         
_testcapi          array              audioop         
binascii           cmath              cPickle         
crypt              cStringIO          datetime        
dl                 fcntl              future_builtins 
grp                imageop            itertools       
linuxaudiodev      math               mmap            
nis                operator           ossaudiodev     
parser             pyexpat            resource        
select             spwd               strop           
syslog             termios            time            
unicodedata        zlib                               

running build_scripts
copying and adjusting /home/pi/python/source/python_static/Tools/scripts/pydoc -> build/scripts-2.7
copying and adjusting /home/pi/python/source/python_static/Tools/scripts/idle -> build/scripts-2.7
copying and adjusting /home/pi/python/source/python_static/Tools/scripts/2to3 -> build/scripts-2.7
copying and adjusting /home/pi/python/source/python_static/Lib/smtpd.py -> build/scripts-2.7
changing mode of build/scripts-2.7/pydoc from 644 to 755
changing mode of build/scripts-2.7/idle from 644 to 755
changing mode of build/scripts-2.7/2to3 from 644 to 755
changing mode of build/scripts-2.7/smtpd.py from 644 to 755
